Beginning Test, file ESMC_MBMesh_UtilUTest.C, line 131
NUMBER_OF_PROCESSORS 4
Beginning Test, file ESMC_MBMesh_UtilUTest.C, line 131
NUMBER_OF_PROCESSORS 4
Beginning Test, file ESMC_MBMesh_UtilUTest.C, line 131
NUMBER_OF_PROCESSORS 4
Beginning Test, file ESMC_MBMesh_UtilUTest.C, line 131
NUMBER_OF_PROCESSORS 4
PASS Throw an error from the MBMesh, ESMC_MBMesh_UtilUTest.C, line 160
PASS Throw an error from the MBMesh, ESMC_MBMesh_UtilUTest.C, line 160
PASS Throw an error from the MBMesh, ESMC_MBMesh_UtilUTest.C, line 160
PASS Throw an error from the MBMesh, ESMC_MBMesh_UtilUTest.C, line 160
Ending Test, file ESMC_MBMesh_UtilUTest.C, line 164
Ending Test, file ESMC_MBMesh_UtilUTest.C, line 164
Ending Test, file ESMC_MBMesh_UtilUTest.C, line 164
Ending Test, file ESMC_MBMesh_UtilUTest.C, line 164
 PET 2 Test Elapsed Time  1.387000 msec.
 PET 3 Test Elapsed Time  1.607000 msec.
 PET 0 Test Elapsed Time  1.362000 msec.
 PET 1 Test Elapsed Time  1.593000 msec.
Mon Feb 15 14:52:31 MST 2021
