Name: MyArrayBundle	  Convention: customconvention2	  Purpose: custompurpose2	


Thu Feb 11 04:03:01 MST 2021
