  Beginning Test, file ESMF_MeshOpUTest.F90, line 50
  NUMBER_OF_PROCESSORS           4
  Beginning Test, file ESMF_MeshOpUTest.F90, line 50
  NUMBER_OF_PROCESSORS           4
 Starting test3
  Beginning Test, file ESMF_MeshOpUTest.F90, line 50
  NUMBER_OF_PROCESSORS           4
 Starting test3
  Beginning Test, file ESMF_MeshOpUTest.F90, line 50
  NUMBER_OF_PROCESSORS           4
 Starting test3
 Starting test3
  PASS  exercise difference operation, ESMF_MeshOpUTest.F90, line 60
  PASS  exercise difference operation, ESMF_MeshOpUTest.F90, line 60
  PASS  exercise difference operation, ESMF_MeshOpUTest.F90, line 60
  PASS  exercise difference operation, ESMF_MeshOpUTest.F90, line 60
  Ending Test, file ESMF_MeshOpUTest.F90, line 62
  Ending Test, file ESMF_MeshOpUTest.F90, line 62
  Ending Test, file ESMF_MeshOpUTest.F90, line 62
  Ending Test, file ESMF_MeshOpUTest.F90, line 62
  PET           2  Test Elapsed Time    20.106999999999999       msec.
  PET           0  Test Elapsed Time    19.977999999999994       msec.
  PET           1  Test Elapsed Time    20.534999999999989       msec.
  PET           3  Test Elapsed Time    20.590999999999998       msec.
Fri Feb 26 08:05:06 MST 2021
