TACC:  Starting up job 6717738 
TACC:  Starting parallel tasks... 
Beginning Test, file ESMC_MBMesh_BilinearUTest.C, line 71
NUMBER_OF_PROCESSORS 1
PASS Quadrilateral bilinear weight generation, ESMC_MBMesh_BilinearUTest.C, line 107
PASS Spherical quadrilateral bilinear weight generation, ESMC_MBMesh_BilinearUTest.C, line 137
PASS Triangle mesh bilinear weight generation, ESMC_MBMesh_BilinearUTest.C, line 167
PASS Spherical triangle mesh bilinear weight generation, ESMC_MBMesh_BilinearUTest.C, line 197
Ending Test, file ESMC_MBMesh_BilinearUTest.C, line 210
 PET 0 Test Elapsed Time  138.002000 msec.
TACC:  Shutdown complete. Exiting. 
Thu Oct 29 06:51:25 CDT 2020
