MPI startup(): Warning: I_MPI_PMI_LIBRARY will be ignored since the hydra process manager was found
MPI startup(): Warning: I_MPI_PMI_LIBRARY will be ignored since the hydra process manager was found
MPI startup(): Warning: I_MPI_PMI_LIBRARY will be ignored since the hydra process manager was found
MPI startup(): Warning: I_MPI_PMI_LIBRARY will be ignored since the hydra process manager was found
  Beginning Test, file ESMF_AttributeDistGridUTest.F90, line 174
  Beginning Test, file ESMF_AttributeDistGridUTest.F90, line 174
  NUMBER_OF_PROCESSORS           4
  NUMBER_OF_PROCESSORS           4
  Beginning Test, file ESMF_AttributeDistGridUTest.F90, line 174
  PASS  Adding an ESMF_R8 Attribute to mobj Test, ESMF_AttributeDistGridUTest.F9
  NUMBER_OF_PROCESSORS           4
 0, line 968
  PASS  Getting an ESMF_R8 Attribute from mobj Test, ESMF_AttributeDistGridUTest
 .F90, line 980
  PASS  Adding an ESMF_R8 Attribute to mobj Test, ESMF_AttributeDistGridUTest.F9
  PASS  Removing an ESMF_R8 Attribute on mobj Test, ESMF_AttributeDistGridUTest.
 F90, line 988
 0, line 968
  PASS  Removing an ESMF_R8 Attribute on mobj Test, again, ESMF_AttributeDistGri
  PASS  Getting an ESMF_R8 Attribute from mobj Test, ESMF_AttributeDistGridUTest
 .F90, line 980
 dUTest.F90, line 997
  PASS  Removing an ESMF_R8 Attribute on mobj Test, ESMF_AttributeDistGridUTest.
  PASS  Getting a default ESMF_R8 Attribute from mobj Test, ESMF_AttributeDistGr
 idUTest.F90, line 1008
 F90, line 988
  PASS  Getting an ESMF_R8 Attribute isPresent flag from mobj Test, ESMF_Attribu
 teDistGridUTest.F90, line 1019
  PASS  Getting an ESMF_R8 Attribute error from mobj Test, ESMF_AttributeDistGri
 dUTest.F90, line 1027
  PASS  Removing an ESMF_R8 Attribute on mobj Test, again, ESMF_AttributeDistGri
  PASS  Adding a constant R8 Attribute to mobj Test, ESMF_AttributeDistGridUTest
 .F90, line 1038
 dUTest.F90, line 997
  PASS  Getting a constant R8 Attribute from mobj Test, ESMF_AttributeDistGridUT
 est.F90, line 1048
  PASS  Adding an ESMF_R8l Attribute to mobj Test, ESMF_AttributeDistGridUTest.F
 90, line 1061
  PASS  Getting a default ESMF_R8 Attribute from mobj Test, ESMF_AttributeDistGr
  PASS  Getting an ESMF_R8l Attribute from mobj Test, ESMF_AttributeDistGridUTes
 idUTest.F90, line 1008
 t.F90, line 1073
  PASS  Getting an ESMF_R8 Attribute isPresent flag from mobj Test, ESMF_Attribu
 teDistGridUTest.F90, line 1019
  PASS  Getting an ESMF_R8 Attribute error from mobj Test, ESMF_AttributeDistGri
 dUTest.F90, line 1027
  PASS  Removing an ESMF_R8l Attribute on mobj Test, ESMF_AttributeDistGridUTest
 .F90, line 1081
  PASS  Adding a constant R8 Attribute to mobj Test, ESMF_AttributeDistGridUTest
 .F90, line 1038
  PASS  Removing an ESMF_R8l Attribute on mobj Test, again, ESMF_AttributeDistGr
 idUTest.F90, line 1090
  PASS  Adding an ESMF_R8 Attribute to mobj Test, ESMF_AttributeDistGridUTest.F9
 0, line 968
  PASS  Getting an ESMF_R8 Attribute from mobj Test, ESMF_AttributeDistGridUTest
  PASS  Getting a default ESMF_R8l Attribute from mobj Test, ESMF_AttributeDistG
 ridUTest.F90, line 1101
  PASS  Getting a wrong sized default Attribute R8 list from mobj test, ESMF_Att
 ributeDistGridUTest.F90, line 1113
  PASS  Getting an ESMF_R8l Attribute isPresent flag and itemCount from mobj Tes
 t, ESMF_AttributeDistGridUTest.F90, line 1126
  PASS  Getting a constant R8 Attribute from mobj Test, ESMF_AttributeDistGridUT
 est.F90, line 1048
  PASS  Adding an ESMF_R8l Attribute to mobj Test, ESMF_AttributeDistGridUTest.F
 90, line 1061
  PASS  Getting an ESMF_R8l Attribute isPresent flag from mobj Test, ESMF_Attrib
 uteDistGridUTest.F90, line 1137
  PASS  Getting an ESMF_R8l Attribute itemCount from mobj Test, ESMF_AttributeDi
 stGridUTest.F90, line 1149
  PASS  Getting an ESMF_R8l Attribute from mobj Test, ESMF_AttributeDistGridUTes
 t.F90, line 1073
  PASS  Removing an ESMF_R8l Attribute on mobj Test, ESMF_AttributeDistGridUTest
  PASS  Getting an ESMF_R8l Attribute error from mobj Test, ESMF_AttributeDistGr
 idUTest.F90, line 1158
 .F90, line 980
  PASS  Adding a constant R8 list Attribute to mobj Test, ESMF_AttributeDistGrid
 UTest.F90, line 1170
  PASS  Getting a constant R8 list Attribute from mobj Test, ESMF_AttributeDistG
  PASS  Removing an ESMF_R8 Attribute on mobj Test, ESMF_AttributeDistGridUTest.
 F90, line 988
 ridUTest.F90, line 1180
  PASS  Adding a char Attribute to mobj Test, ESMF_AttributeDistGridUTest.F90, l
 ine 1193
  PASS  Removing an ESMF_R8 Attribute on mobj Test, again, ESMF_AttributeDistGri
 .F90, line 1081
  PASS  Getting a char Attribute from mobj Test, ESMF_AttributeDistGridUTest.F90
 , line 1205
  PASS  Removing a char Attribute on mobj Test, ESMF_AttributeDistGridUTest.F90,
  line 1213
  PASS  Removing an ESMF_R8l Attribute on mobj Test, again, ESMF_AttributeDistGr
 dUTest.F90, line 997
  PASS  Removing a char Attribute on mobj Test, again, ESMF_AttributeDistGridUTe
 st.F90, line 1222
  PASS  Getting a default ESMF_R8 Attribute from mobj Test, ESMF_AttributeDistGr
 idUTest.F90, line 1008
  PASS  Getting an ESMF_R8 Attribute isPresent flag from mobj Test, ESMF_Attribu
  PASS  Getting a default char Attribute from mobj Test, ESMF_AttributeDistGridU
 Test.F90, line 1233
 idUTest.F90, line 1090
  PASS  Getting a char Attribute isPresent flag from mobj Test, ESMF_AttributeDi
  PASS  Getting a default ESMF_R8l Attribute from mobj Test, ESMF_AttributeDistG
 ridUTest.F90, line 1101
  PASS  Getting a wrong sized default Attribute R8 list from mobj test, ESMF_Att
 ributeDistGridUTest.F90, line 1113
 stGridUTest.F90, line 1244
  PASS  Getting an ESMF_R8l Attribute isPresent flag and itemCount from mobj Tes
 t, ESMF_AttributeDistGridUTest.F90, line 1126
  PASS  Getting an ESMF_R8l Attribute isPresent flag from mobj Test, ESMF_Attrib
 teDistGridUTest.F90, line 1019
  PASS  Getting a char Attribute error from mobj Test, ESMF_AttributeDistGridUTe
 st.F90, line 1251
  PASS  Adding a constant character Attribute to mobj Test, ESMF_AttributeDistGr
 idUTest.F90, line 1262
  PASS  Getting an ESMF_R8 Attribute error from mobj Test, ESMF_AttributeDistGri
 dUTest.F90, line 1027
  PASS  Adding a constant R8 Attribute to mobj Test, ESMF_AttributeDistGridUTest
  PASS  Getting a constant character Attribute from mobj Test, ESMF_AttributeDis
 .F90, line 1038
 tGridUTest.F90, line 1271
  PASS  Getting a constant R8 Attribute from mobj Test, ESMF_AttributeDistGridUT
 est.F90, line 1048
  PASS  Adding an ESMF_R8l Attribute to mobj Test, ESMF_AttributeDistGridUTest.F
  PASS  Getting Attribute info by name with isPresent flag, itemCount, and typek
 ind from mobj Test, ESMF_AttributeDistGridUTest.F90, line 1901
 uteDistGridUTest.F90, line 1137
  PASS  Getting Attribute info by name with typekind and itemCount from mobj Tes
 t, ESMF_AttributeDistGridUTest.F90, line 1916
  PASS  Getting Attribute info by name with typekind from mobj Test, ESMF_Attrib
 uteDistGridUTest.F90, line 1929
  PASS  Getting Attribute info by name with no args, will fail, from mobj Test, 
 ESMF_AttributeDistGridUTest.F90, line 1937
  PASS  Getting an ESMF_R8l Attribute itemCount from mobj Test, ESMF_AttributeDi
 stGridUTest.F90, line 1149
  Ending Test, file ESMF_AttributeDistGridUTest.F90, line 1962
  PASS  Getting an ESMF_R8l Attribute error from mobj Test, ESMF_AttributeDistGr
 90, line 1061
 idUTest.F90, line 1158
  PASS  Getting an ESMF_R8l Attribute from mobj Test, ESMF_AttributeDistGridUTes
  PASS  Adding a constant R8 list Attribute to mobj Test, ESMF_AttributeDistGrid
 UTest.F90, line 1170
 t.F90, line 1073
  PASS  Getting a constant R8 list Attribute from mobj Test, ESMF_AttributeDistG
  PASS  Removing an ESMF_R8l Attribute on mobj Test, ESMF_AttributeDistGridUTest
 ridUTest.F90, line 1180
 .F90, line 1081
  PASS  Adding a char Attribute to mobj Test, ESMF_AttributeDistGridUTest.F90, l
  PASS  Removing an ESMF_R8l Attribute on mobj Test, again, ESMF_AttributeDistGr
 ine 1193
  PASS  Getting a char Attribute from mobj Test, ESMF_AttributeDistGridUTest.F90
 idUTest.F90, line 1090
  PASS  Getting a default ESMF_R8l Attribute from mobj Test, ESMF_AttributeDistG
 , line 1205
 ridUTest.F90, line 1101
  PASS  Removing a char Attribute on mobj Test, ESMF_AttributeDistGridUTest.F90,
  PASS  Getting a wrong sized default Attribute R8 list from mobj test, ESMF_Att
 ributeDistGridUTest.F90, line 1113
  line 1213
  PASS  Removing a char Attribute on mobj Test, again, ESMF_AttributeDistGridUTe
  PASS  Getting an ESMF_R8l Attribute isPresent flag and itemCount from mobj Tes
 t, ESMF_AttributeDistGridUTest.F90, line 1126
  PASS  Getting an ESMF_R8l Attribute isPresent flag from mobj Test, ESMF_Attrib
 st.F90, line 1222
  PASS  Getting a default char Attribute from mobj Test, ESMF_AttributeDistGridU
 uteDistGridUTest.F90, line 1137
  PASS  Getting an ESMF_R8l Attribute itemCount from mobj Test, ESMF_AttributeDi
 Test.F90, line 1233
  PASS  Getting a char Attribute isPresent flag from mobj Test, ESMF_AttributeDi
 stGridUTest.F90, line 1149
  PASS  Getting an ESMF_R8l Attribute error from mobj Test, ESMF_AttributeDistGr
 stGridUTest.F90, line 1244
 idUTest.F90, line 1158
  PASS  Getting a char Attribute error from mobj Test, ESMF_AttributeDistGridUTe
  PASS  Adding a constant R8 list Attribute to mobj Test, ESMF_AttributeDistGrid
 UTest.F90, line 1170
  PASS  Getting a constant R8 list Attribute from mobj Test, ESMF_AttributeDistG
 st.F90, line 1251
  PASS  Adding a constant character Attribute to mobj Test, ESMF_AttributeDistGr
 idUTest.F90, line 1262
  PASS  Getting a constant character Attribute from mobj Test, ESMF_AttributeDis
 ridUTest.F90, line 1180
  PASS  Adding a char Attribute to mobj Test, ESMF_AttributeDistGridUTest.F90, l
 tGridUTest.F90, line 1271
  PASS  Getting Attribute info by name with isPresent flag, itemCount, and typek
 ind from mobj Test, ESMF_AttributeDistGridUTest.F90, line 1901
 ine 1193
  PASS  Getting Attribute info by name with typekind and itemCount from mobj Tes
  PASS  Getting a char Attribute from mobj Test, ESMF_AttributeDistGridUTest.F90
 t, ESMF_AttributeDistGridUTest.F90, line 1916
  PASS  Getting Attribute info by name with typekind from mobj Test, ESMF_Attrib
 , line 1205
  PASS  Removing a char Attribute on mobj Test, ESMF_AttributeDistGridUTest.F90,
 uteDistGridUTest.F90, line 1929
  PASS  Getting Attribute info by name with no args, will fail, from mobj Test, 
  line 1213
  PASS  Removing a char Attribute on mobj Test, again, ESMF_AttributeDistGridUTe
 ESMF_AttributeDistGridUTest.F90, line 1937
  Ending Test, file ESMF_AttributeDistGridUTest.F90, line 1962
 st.F90, line 1222
  PASS  Getting a default char Attribute from mobj Test, ESMF_AttributeDistGridU
  Beginning Test, file ESMF_AttributeDistGridUTest.F90, line 174
  NUMBER_OF_PROCESSORS           4
  PASS  Adding an ESMF_R8 Attribute to mobj Test, ESMF_AttributeDistGridUTest.F9
 0, line 968
  PASS  Getting an ESMF_R8 Attribute from mobj Test, ESMF_AttributeDistGridUTest
 .F90, line 980
  PASS  Removing an ESMF_R8 Attribute on mobj Test, ESMF_AttributeDistGridUTest.
 F90, line 988
  PASS  Removing an ESMF_R8 Attribute on mobj Test, again, ESMF_AttributeDistGri
 dUTest.F90, line 997
  PASS  Getting a default ESMF_R8 Attribute from mobj Test, ESMF_AttributeDistGr
 idUTest.F90, line 1008
  PASS  Getting an ESMF_R8 Attribute isPresent flag from mobj Test, ESMF_Attribu
 teDistGridUTest.F90, line 1019
  PASS  Getting an ESMF_R8 Attribute error from mobj Test, ESMF_AttributeDistGri
 dUTest.F90, line 1027
  PASS  Adding a constant R8 Attribute to mobj Test, ESMF_AttributeDistGridUTest
 .F90, line 1038
  PASS  Getting a constant R8 Attribute from mobj Test, ESMF_AttributeDistGridUT
 est.F90, line 1048
  PASS  Adding an ESMF_R8l Attribute to mobj Test, ESMF_AttributeDistGridUTest.F
 90, line 1061
  PASS  Getting an ESMF_R8l Attribute from mobj Test, ESMF_AttributeDistGridUTes
 t.F90, line 1073
  PASS  Removing an ESMF_R8l Attribute on mobj Test, ESMF_AttributeDistGridUTest
 .F90, line 1081
  PASS  Removing an ESMF_R8l Attribute on mobj Test, again, ESMF_AttributeDistGr
 idUTest.F90, line 1090
  PASS  Getting a default ESMF_R8l Attribute from mobj Test, ESMF_AttributeDistG
 ridUTest.F90, line 1101
  PASS  Getting a wrong sized default Attribute R8 list from mobj test, ESMF_Att
 ributeDistGridUTest.F90, line 1113
  PASS  Getting an ESMF_R8l Attribute isPresent flag and itemCount from mobj Tes
 t, ESMF_AttributeDistGridUTest.F90, line 1126
  PASS  Getting an ESMF_R8l Attribute isPresent flag from mobj Test, ESMF_Attrib
 uteDistGridUTest.F90, line 1137
  PASS  Getting an ESMF_R8l Attribute itemCount from mobj Test, ESMF_AttributeDi
 stGridUTest.F90, line 1149
  PASS  Getting an ESMF_R8l Attribute error from mobj Test, ESMF_AttributeDistGr
 idUTest.F90, line 1158
  PASS  Adding a constant R8 list Attribute to mobj Test, ESMF_AttributeDistGrid
 UTest.F90, line 1170
  PASS  Getting a constant R8 list Attribute from mobj Test, ESMF_AttributeDistG
 ridUTest.F90, line 1180
  PASS  Adding a char Attribute to mobj Test, ESMF_AttributeDistGridUTest.F90, l
 ine 1193
  PASS  Getting a char Attribute from mobj Test, ESMF_AttributeDistGridUTest.F90
 , line 1205
  PASS  Removing a char Attribute on mobj Test, ESMF_AttributeDistGridUTest.F90,
  line 1213
  PASS  Removing a char Attribute on mobj Test, again, ESMF_AttributeDistGridUTe
 st.F90, line 1222
  PASS  Getting a default char Attribute from mobj Test, ESMF_AttributeDistGridU
 Test.F90, line 1233
  PASS  Getting a char Attribute isPresent flag from mobj Test, ESMF_AttributeDi
 stGridUTest.F90, line 1244
  PASS  Getting a char Attribute error from mobj Test, ESMF_AttributeDistGridUTe
 st.F90, line 1251
  PASS  Adding a constant character Attribute to mobj Test, ESMF_AttributeDistGr
 idUTest.F90, line 1262
  PASS  Getting a constant character Attribute from mobj Test, ESMF_AttributeDis
 tGridUTest.F90, line 1271
  PASS  Getting Attribute info by name with isPresent flag, itemCount, and typek
 ind from mobj Test, ESMF_AttributeDistGridUTest.F90, line 1901
  PASS  Getting Attribute info by name with typekind and itemCount from mobj Tes
 t, ESMF_AttributeDistGridUTest.F90, line 1916
  PASS  Getting Attribute info by name with typekind from mobj Test, ESMF_Attrib
 uteDistGridUTest.F90, line 1929
  PASS  Getting Attribute info by name with no args, will fail, from mobj Test, 
 ESMF_AttributeDistGridUTest.F90, line 1937
  Ending Test, file ESMF_AttributeDistGridUTest.F90, line 1962
 Test.F90, line 1233
  PASS  Getting a char Attribute isPresent flag from mobj Test, ESMF_AttributeDi
 stGridUTest.F90, line 1244
  PASS  Getting a char Attribute error from mobj Test, ESMF_AttributeDistGridUTe
 st.F90, line 1251
  PASS  Adding a constant character Attribute to mobj Test, ESMF_AttributeDistGr
 idUTest.F90, line 1262
  PASS  Getting a constant character Attribute from mobj Test, ESMF_AttributeDis
 tGridUTest.F90, line 1271
  PASS  Getting Attribute info by name with isPresent flag, itemCount, and typek
 ind from mobj Test, ESMF_AttributeDistGridUTest.F90, line 1901
  PASS  Getting Attribute info by name with typekind and itemCount from mobj Tes
 t, ESMF_AttributeDistGridUTest.F90, line 1916
  PASS  Getting Attribute info by name with typekind from mobj Test, ESMF_Attrib
 uteDistGridUTest.F90, line 1929
  PASS  Getting Attribute info by name with no args, will fail, from mobj Test, 
 ESMF_AttributeDistGridUTest.F90, line 1937
  Ending Test, file ESMF_AttributeDistGridUTest.F90, line 1962
  PET           2  Test Elapsed Time    21.8340000000000       msec.
  PET           3  Test Elapsed Time    25.3150000000000       msec.
  PET           0  Test Elapsed Time    37.8840000000000       msec.
  PET           1  Test Elapsed Time    33.7450000000000       msec.
