Beginning Test, file ESMC_MBMesh_SerializeUTest.C, line 104
NUMBER_OF_PROCESSORS 4
Beginning Test, file ESMC_MBMesh_SerializeUTest.C, line 104
NUMBER_OF_PROCESSORS 4
Beginning Test, file ESMC_MBMesh_SerializeUTest.C, line 104
NUMBER_OF_PROCESSORS 4
Beginning Test, file ESMC_MBMesh_SerializeUTest.C, line 104
NUMBER_OF_PROCESSORS 4
PASS Serialization of an MBMesh, ESMC_MBMesh_SerializeUTest.C, line 149
MESH PET 2 - size = 4
 * PET 2 - Element 1
 * PET 2 - Element 2
 * PET 2 - Element 3
 * PET 2 - Element 4
MESH PET 2 - size = 0
PASS Deserialization of an MBMesh, ESMC_MBMesh_SerializeUTest.C, line 164
PASS Serialization of an MBMesh, ESMC_MBMesh_SerializeUTest.C, line 149
PASS Serialization of an MBMesh, ESMC_MBMesh_SerializeUTest.C, line 149
MESH PET 1 - size = 4
 * PET MESH PET 3 - size = 4
 * PET 1 - Element 13 - Element 1
 * 
 * PET 3 - Element PET 1 - Element 2
 * PET 12
 * PET 3 - Element 3
 *  - Element 3
 * PET 1 - Element 4PET 3 - Element 4

PASS Deserialization of an MBMesh, ESMC_MBMesh_SerializeUTest.C, line 164
PASS Deserialization of an MBMesh, ESMC_MBMesh_SerializeUTest.C, line 164
MESH PET 1 - size = 0
MESH PET 3 - size = 0
Ending Test, file ESMC_MBMesh_SerializeUTest.C, line 179
Ending Test, file ESMC_MBMesh_SerializeUTest.C, line 179
Ending Test, file ESMC_MBMesh_SerializeUTest.C, line 179
PASS Serialization of an MBMesh, ESMC_MBMesh_SerializeUTest.C, line 149
MESH PET 0 - size = 4
 * PET 0 - Element 1
 * PET 0 - Element 2
 * PET 0 - Element 3
 * PET 0 - Element 4
PASS Deserialization of an MBMesh, ESMC_MBMesh_SerializeUTest.C, line 164
MESH PET 0 - size = 0
Ending Test, file ESMC_MBMesh_SerializeUTest.C, line 179
 PET 1 Test Elapsed Time  57.777000 msec.
 PET 2 Test Elapsed Time  57.981000 msec.
 PET 3 Test Elapsed Time  58.264000 msec.
 PET 0 Test Elapsed Time  46.401000 msec.
