  Beginning Test, file ESMF_AttPackGridUTest.F90, line 92
  NUMBER_OF_PROCESSORS           4
  Beginning Test, file ESMF_AttPackGridUTest.F90, line 92
  NUMBER_OF_PROCESSORS           4
  Beginning Test, file ESMF_AttPackGridUTest.F90, line 92
  NUMBER_OF_PROCESSORS           4
  Beginning Test, file ESMF_AttPackGridUTest.F90, line 92
  NUMBER_OF_PROCESSORS           4

Program received signal SIGABRT: Process abort signal.

Backtrace for this error:
#0  0x10e47a48d
#1  0x10e4798c3
#2  0x7fff688abb5c

Program received signal SIGABRT: Process abort signal.

Backtrace for this error:
#0  0x10bd5c48d
#1  0x10bd5b8c3
#2  0x7fff688abb5c

Program received signal SIGABRT: Process abort signal.

Backtrace for this error:
#0  0x10fc3e48d
#1  0x10fc3d8c3
#2  0x7fff688abb5c

Program received signal SIGABRT: Process abort signal.

Backtrace for this error:
#0  0x11313f48d
#1  0x11313e8c3
#2  0x7fff688abb5c
--------------------------------------------------------------------------
Primary job  terminated normally, but 1 process returned
a non-zero exit code. Per user-direction, the job has been aborted.
--------------------------------------------------------------------------
--------------------------------------------------------------------------
mpirun noticed that process rank 3 with PID 0 on node cgdm-catania exited on signal 6 (Abort trap: 6).
--------------------------------------------------------------------------
Wed Nov 11 16:48:22 MST 2020
