  Beginning Test, file ESMF_TraceIOUTest.F90, line 63
  NUMBER_OF_PROCESSORS           4
  Beginning Test, file ESMF_TraceIOUTest.F90, line 63
  NUMBER_OF_PROCESSORS           4
  Beginning Test, file ESMF_TraceIOUTest.F90, line 63
  NUMBER_OF_PROCESSORS           4
  Beginning Test, file ESMF_TraceIOUTest.F90, line 63
  NUMBER_OF_PROCESSORS           4
  PASS  Test trace user region enter, ESMF_TraceIOUTest.F90, line 79
  PASS  Test trace user region enter, ESMF_TraceIOUTest.F90, line 79
  PASS  Test trace user region enter, ESMF_TraceIOUTest.F90, line 79
  PASS  Test trace user region exit, ESMF_TraceIOUTest.F90, line 87
  PASS  Test trace memory usage, ESMF_TraceIOUTest.F90, line 95
  PASS  Test trace user region enter, ESMF_TraceIOUTest.F90, line 79
  PASS  Test trace user region exit, ESMF_TraceIOUTest.F90, line 87
  PASS  Test trace memory usage, ESMF_TraceIOUTest.F90, line 95
  PASS  Test trace user region exit, ESMF_TraceIOUTest.F90, line 87
  PASS  Test trace memory usage, ESMF_TraceIOUTest.F90, line 95
  PASS  Test trace user region exit, ESMF_TraceIOUTest.F90, line 87
  PASS  Test trace memory usage, ESMF_TraceIOUTest.F90, line 95
  PASS  Close trace, ESMF_TraceIOUTest.F90, line 106
  PASS  Close trace, ESMF_TraceIOUTest.F90, line 106
  PASS  Close trace, ESMF_TraceIOUTest.F90, line 106
  PASS  Close trace, ESMF_TraceIOUTest.F90, line 106
  PASS  Verify trace metadata exists, ESMF_TraceIOUTest.F90, line 134
  PASS  Verify trace metadata exists, ESMF_TraceIOUTest.F90, line 134
  PASS  Verify trace metadata exists, ESMF_TraceIOUTest.F90, line 134
  PASS  Verify trace metadata exists, ESMF_TraceIOUTest.F90, line 134
  PASS  Read trace metadata file, ESMF_TraceIOUTest.F90, line 153
  PASS  Read trace metadata file, ESMF_TraceIOUTest.F90, line 153
  PASS  Validate trace metadata header, ESMF_TraceIOUTest.F90, line 164
  PASS  Read trace metadata file, ESMF_TraceIOUTest.F90, line 153
  PASS  Validate trace metadata header, ESMF_TraceIOUTest.F90, line 164
  PASS  Validate trace metadata header, ESMF_TraceIOUTest.F90, line 164
 Attempt to open trace file: traceout/esmf_stream_0001
 Attempt to open trace file: traceout/esmf_stream_0002
  PASS  Verify trace stream file exists, ESMF_TraceIOUTest.F90, line 181
 Attempt to open trace file: traceout/esmf_stream_0003
  PASS  Read trace metadata file, ESMF_TraceIOUTest.F90, line 153
  PASS  Validate trace metadata header, ESMF_TraceIOUTest.F90, line 162
  PASS  Verify trace stream file exists, ESMF_TraceIOUTest.F90, line 181
  Ending Test, file ESMF_TraceIOUTest.F90, line 187
  PASS  Verify trace stream file exists, ESMF_TraceIOUTest.F90, line 181
 Attempt to open trace file: traceout/esmf_stream_0000
  Ending Test, file ESMF_TraceIOUTest.F90, line 187
  Ending Test, file ESMF_TraceIOUTest.F90, line 187
  PASS  Verify trace stream file exists, ESMF_TraceIOUTest.F90, line 181
  Ending Test, file ESMF_TraceIOUTest.F90, line 187
[cgdm-catania:44696] PMIX ERROR: ERROR in file gds_ds12_lock_pthread.c at line 206
[cgdm-catania:44695] PMIX ERROR: ERROR in file gds_ds12_lock_pthread.c at line 206
[cgdm-catania:44694] PMIX ERROR: ERROR in file gds_ds12_lock_pthread.c at line 206
  PET           2  Test Elapsed Time    5003.2730000000001       msec.
  PET           1  Test Elapsed Time    5003.5069999999996       msec.
  PET           3  Test Elapsed Time    5003.5890000000009       msec.
  PET           0  Test Elapsed Time    5003.9020000000000       msec.
[cgdm-catania:44693] PMIX ERROR: ERROR in file gds_ds12_lock_pthread.c at line 206
Thu Nov 19 12:50:21 MST 2020
