  Beginning Test, file ESMF_TraceClkMonoSyncUTest.F90, line 63
  NUMBER_OF_PROCESSORS           4
  PASS  Test trace user region enter, ESMF_TraceClkMonoSyncUTest.F90, line 79
  PASS  Test trace user region exit, ESMF_TraceClkMonoSyncUTest.F90, line 87
  PASS  Test trace memory usage, ESMF_TraceClkMonoSyncUTest.F90, line 95
  Beginning Test, file ESMF_TraceClkMonoSyncUTest.F90, line 63
  NUMBER_OF_PROCESSORS           4
  PASS  Test trace user region enter, ESMF_TraceClkMonoSyncUTest.F90, line 79
  PASS  Test trace user region exit, ESMF_TraceClkMonoSyncUTest.F90, line 87
  Beginning Test, file ESMF_TraceClkMonoSyncUTest.F90, line 63
  NUMBER_OF_PROCESSORS           4
  PASS  Test trace user region enter, ESMF_TraceClkMonoSyncUTest.F90, line 79
  PASS  Test trace user region exit, ESMF_TraceClkMonoSyncUTest.F90, line 87
  PASS  Test trace memory usage, ESMF_TraceClkMonoSyncUTest.F90, line 95
  Beginning Test, file ESMF_TraceClkMonoSyncUTest.F90, line 63
  NUMBER_OF_PROCESSORS           4
  PASS  Test trace user region enter, ESMF_TraceClkMonoSyncUTest.F90, line 79
  PASS  Test trace user region exit, ESMF_TraceClkMonoSyncUTest.F90, line 87
  PASS  Test trace memory usage, ESMF_TraceClkMonoSyncUTest.F90, line 95
  PASS  Test trace memory usage, ESMF_TraceClkMonoSyncUTest.F90, line 95
  PASS  Close trace, ESMF_TraceClkMonoSyncUTest.F90, line 106
  PASS  Close trace, ESMF_TraceClkMonoSyncUTest.F90, line 106
  PASS  Close trace, ESMF_TraceClkMonoSyncUTest.F90, line 106
  PASS  Close trace, ESMF_TraceClkMonoSyncUTest.F90, line 106
  PASS  Verify trace metadata exists, ESMF_TraceClkMonoSyncUTest.F90, line 134
  PASS  Verify trace metadata exists, ESMF_TraceClkMonoSyncUTest.F90, line 134
  PASS  Read trace metadata file, ESMF_TraceClkMonoSyncUTest.F90, line 153
  PASS  Validate trace metadata header, ESMF_TraceClkMonoSyncUTest.F90, line 164
  PASS  Verify trace metadata exists, ESMF_TraceClkMonoSyncUTest.F90, line 134
  PASS  Read trace metadata file, ESMF_TraceClkMonoSyncUTest.F90, line 153
  PASS  Validate trace metadata header, ESMF_TraceClkMonoSyncUTest.F90, line 164
  PASS  Verify trace metadata exists, ESMF_TraceClkMonoSyncUTest.F90, line 134
  PASS  Read trace metadata file, ESMF_TraceClkMonoSyncUTest.F90, line 153
  PASS  Validate trace metadata header, ESMF_TraceClkMonoSyncUTest.F90, line 164
 Attempt to open trace file: traceout/esmf_stream_0003
 Attempt to open trace file: traceout/esmf_stream_0001
 Attempt to open trace file: traceout/esmf_stream_0002
  PASS  Read trace metadata file, ESMF_TraceClkMonoSyncUTest.F90, line 153
  PASS  Verify trace stream file exists, ESMF_TraceClkMonoSyncUTest.F90, line 181
  PASS  Verify trace stream file exists, ESMF_TraceClkMonoSyncUTest.F90, line 181
  PASS  Verify trace stream file exists, ESMF_TraceClkMonoSyncUTest.F90, line 181
  Ending Test, file ESMF_TraceClkMonoSyncUTest.F90, line 187
  PASS  Validate trace metadata header, ESMF_TraceClkMonoSyncUTest.F90, line 162
 Attempt to open trace file: traceout/esmf_stream_0000
  PASS  Verify trace stream file exists, ESMF_TraceClkMonoSyncUTest.F90, line 181
  Ending Test, file ESMF_TraceClkMonoSyncUTest.F90, line 187
  Ending Test, file ESMF_TraceClkMonoSyncUTest.F90, line 187
  Ending Test, file ESMF_TraceClkMonoSyncUTest.F90, line 187
[cgdm-catania:35718] PMIX ERROR: ERROR in file gds_ds12_lock_pthread.c at line 206
[cgdm-catania:35717] PMIX ERROR: ERROR in file gds_ds12_lock_pthread.c at line 206
[cgdm-catania:35715] PMIX ERROR: ERROR in file gds_ds12_lock_pthread.c at line 206
  PET           2  Test Elapsed Time    5002.2979999999998       msec.
  PET           3  Test Elapsed Time    5002.6689999999999       msec.
  PET           0  Test Elapsed Time    5002.1490000000003       msec.
  PET           1  Test Elapsed Time    5002.5169999999998       msec.
[cgdm-catania:35714] PMIX ERROR: ERROR in file gds_ds12_lock_pthread.c at line 206
Sun Nov 29 21:24:19 MST 2020
