  Beginning Test, file ESMF_ArraySMMFromFileUTest.F90, line 105
  NUMBER_OF_PROCESSORS           4
  Beginning Test, file ESMF_ArraySMMFromFileUTest.F90, line 105
  NUMBER_OF_PROCESSORS           4
  Beginning Test, file ESMF_ArraySMMFromFileUTest.F90, line 105
  NUMBER_OF_PROCESSORS           4
  Beginning Test, file ESMF_ArraySMMFromFileUTest.F90, line 105
  NUMBER_OF_PROCESSORS           4
  PASS  ESMF_ArraySMMFromFile Unit Test, ESMF_ArraySMMFromFileUTest.F90, line 121
  PASS  ESMF_ArraySMMFromFile Unit Test, ESMF_ArraySMMFromFileUTest.F90, line 121
  PASS  ESMF_FieldSMMFromFile Unit Test, ESMF_ArraySMMFromFileUTest.F90, line 138
  Ending Test, file ESMF_ArraySMMFromFileUTest.F90, line 143
  PASS  ESMF_ArraySMMFromFile Unit Test, ESMF_ArraySMMFromFileUTest.F90, line 121
  PASS  ESMF_FieldSMMFromFile Unit Test, ESMF_ArraySMMFromFileUTest.F90, line 138
  Ending Test, file ESMF_ArraySMMFromFileUTest.F90, line 143
  PASS  ESMF_ArraySMMFromFile Unit Test, ESMF_ArraySMMFromFileUTest.F90, line 121
  PASS  ESMF_FieldSMMFromFile Unit Test, ESMF_ArraySMMFromFileUTest.F90, line 138
  Ending Test, file ESMF_ArraySMMFromFileUTest.F90, line 143
  PASS  ESMF_FieldSMMFromFile Unit Test, ESMF_ArraySMMFromFileUTest.F90, line 138
  Ending Test, file ESMF_ArraySMMFromFileUTest.F90, line 143
  PET           3  Test Elapsed Time    3.1680000000000041       msec.
  PET           0  Test Elapsed Time    3.1109999999999887       msec.
  PET           2  Test Elapsed Time    3.1699999999999924       msec.
  PET           1  Test Elapsed Time    3.2729999999999979       msec.
