Beginning Test, file ESMC_TimeUTest.C, line 52
NUMBER_OF_PROCESSORS 4
After CalendarCreate rc = 0 
Beginning Test, file ESMC_TimeUTest.C, line 52
NUMBER_OF_PROCESSORS 4
PASS Create ESMC_Calendar object, ESMC_TimeUTest.C, line 61
After CalendarCreate rc = 0 
Calendar -------------------------------
name = Gregorian
calkindflag = Gregorian
daysPerMonth = 31 28 31 30 31 30 31 31 30 31 30 31 PASS Create ESMC_Calendar object, ESMC_TimeUTest.C, line 61

monthsPerYear = 12
secondsPerDay = 86400
secondsPerYear = 31536000
Calendar -------------------------------
name = Gregorian
calkindflag = Gregorian
daysPerMonth = 31 daysPerYear = 365
daysPerYeardN = 0
daysPerYeardD = 1
end Calendar ---------------------------

28 31 30 31 30 31 31 30 31 30 31 
monthsPerYear = 12
secondsPerDay = 86400
secondsPerYear = 31536000
daysPerYear = 365
daysPerYeardN = 0
daysPerYeardD = 1
end Calendar ---------------------------

PASS Print ESMC_Calendar object, ESMC_TimeUTest.C, line 69
PASS Print ESMC_Calendar object, ESMC_TimeUTest.C, line 69
Beginning Test, file ESMC_TimeUTest.C, line 52
NUMBER_OF_PROCESSORS 4
After CalendarCreate rc = 0 
PASS Create ESMC_Calendar object, ESMC_TimeUTest.C, line 61
PASS Set a Time, ESMC_TimeUTest.C, line 77
Calendar -------------------------------
name = Gregorian
calkindflag = Gregorian
daysPerMonth = 31 Time -----------------------------------
PASS Set a Time, ESMC_TimeUTest.C, line 77
28 31 30 31 30 31 31 30 31 30 31 
Time -----------------------------------
monthsPerYear = 12
secondsPerDay = 86400
secondsPerYear = 31536000
daysPerYear = 365
daysPerYeardN = 0
daysPerYeardD = 1
end Calendar ---------------------------

2006-01-01T00:00:00
end Time -------------------------------

2006-01-01T00:00:00
end Time -------------------------------

PASS Print ESMC_Calendar object, ESMC_TimeUTest.C, line 69
PASS Print ESMC_Time object, ESMC_TimeUTest.C, line 85
Beginning Test, file ESMC_TimeUTest.C, line 52
NUMBER_OF_PROCESSORS 4
PASS Print ESMC_Time object, ESMC_TimeUTest.C, line 85
After CalendarCreate rc = 0 
PASS Set a Time, ESMC_TimeUTest.C, line 77
PASS Get a Time, ESMC_TimeUTest.C, line 93
Time -----------------------------------
PASS Check that TimeZone parameter is set and get correctly, ESMC_TimeUTest.C, line 102
PASS Create ESMC_Calendar object, ESMC_TimeUTest.C, line 61
PASS Check that ESMC_Calendar parameter is set and get correctly, ESMC_TimeUTest.C, line 110
Calendar -------------------------------
name = Gregorian
calkindflag = Gregorian
daysPerMonth = 31 28 31 30 31 30 2006-01-01T00:00:00
end Time -------------------------------

PASS Get a Time, ESMC_TimeUTest.C, line 93
31 31 30 31 30 31 
monthsPerYear = 12
secondsPerDay = 86400
secondsPerYear = 31536000
PASS Print ESMC_Time object, ESMC_TimeUTest.C, line 85
PASS Destroy ESMC_Calendar object, ESMC_TimeUTest.C, line 120
daysPerYear = 365
daysPerYeardN = 0
daysPerYeardD = 1
end Calendar ---------------------------

PASS Check that TimeZone parameter is set and get correctly, ESMC_TimeUTest.C, line 102
Ending Test, file ESMC_TimeUTest.C, line 124
PASS Print ESMC_Calendar object, ESMC_TimeUTest.C, line 69
PASS Check that ESMC_Calendar parameter is set and get correctly, ESMC_TimeUTest.C, line 110
PASS Get a Time, ESMC_TimeUTest.C, line 93
PASS Check that TimeZone parameter is set and get correctly, ESMC_TimeUTest.C, line 102
PASS Destroy ESMC_Calendar object, ESMC_TimeUTest.C, line 120
PASS Check that ESMC_Calendar parameter is set and get correctly, ESMC_TimeUTest.C, line 110
PASS Set a Time, ESMC_TimeUTest.C, line 77
Time -----------------------------------
Ending Test, file ESMC_TimeUTest.C, line 124
PASS Destroy ESMC_Calendar object, ESMC_TimeUTest.C, line 120
2006-01-01T00:00:00
end Time -------------------------------

Ending Test, file ESMC_TimeUTest.C, line 124
PASS Print ESMC_Time object, ESMC_TimeUTest.C, line 85
PASS Get a Time, ESMC_TimeUTest.C, line 93
PASS Check that TimeZone parameter is set and get correctly, ESMC_TimeUTest.C, line 102
PASS Check that ESMC_Calendar parameter is set and get correctly, ESMC_TimeUTest.C, line 110
PASS Destroy ESMC_Calendar object, ESMC_TimeUTest.C, line 120
Ending Test, file ESMC_TimeUTest.C, line 124
 PET 1 Test Elapsed Time  0.840000 msec.
 PET 3 Test Elapsed Time  0.926000 msec.
 PET 2 Test Elapsed Time  0.983000 msec.
 PET 0 Test Elapsed Time  0.820000 msec.
Tue Feb  9 08:10:25 MST 2021
