/scratch/esmf/manual/pgi_mpiuni/esmf/src/Infrastructure/stubs/mpiuni/mpirun: line 43: 15784 Segmentation fault      (core dumped) $progname $*
Mon Jan 25 23:25:04 MST 2021
