[proxy:0:0@i042.unified.ucar.edu] HYDU_create_process (utils/launch/launch.c:74): execvp error on file ./ESMF_UtilUTest (No such file or directory)
[proxy:0:0@i042.unified.ucar.edu] HYDU_create_process (utils/launch/launch.c:74): execvp error on file ./ESMF_UtilUTest (No such file or directory)
[proxy:0:0@i042.unified.ucar.edu] HYDU_create_process (utils/launch/launch.c:74): execvp error on file ./ESMF_UtilUTest (No such file or directory)
[proxy:0:0@i042.unified.ucar.edu] HYDU_create_process (utils/launch/launch.c:74): execvp error on file ./ESMF_UtilUTest (No such file or directory)
[mpiexec@i042.unified.ucar.edu] HYDT_bscd_pbs_wait_for_completion (tools/bootstrap/external/pbs_wait.c:66): tm_poll(obit_event) failed with TM error 17002
[mpiexec@i042.unified.ucar.edu] HYDT_bsci_wait_for_completion (tools/bootstrap/src/bsci_wait.c:23): launcher returned error waiting for completion
[mpiexec@i042.unified.ucar.edu] HYD_pmci_wait_for_completion (pm/pmiserv/pmiserv_pmci.c:218): launcher returned error waiting for completion
[mpiexec@i042.unified.ucar.edu] main (ui/mpich/mpiexec.c:340): process manager error waiting for completion
Mon Feb  1 05:17:46 MST 2021
