Beginning Test, file ESMCI_TestUTest.C, line 32
NUMBER_OF_PROCESSORS 4
PASS Use of ESMC_Test(), true, ESMCI_TestUTest.C, line 39
Ending Test, file ESMCI_TestUTest.C, line 43
Beginning Test, file ESMCI_TestUTest.C, line 32
NUMBER_OF_PROCESSORS 4
PASS Use of ESMC_Test(), true, ESMCI_TestUTest.C, line 39
Ending Test, file ESMCI_TestUTest.C, line 43
Beginning Test, file ESMCI_TestUTest.C, line 32
NUMBER_OF_PROCESSORS 4
PASS Use of ESMC_Test(), true, ESMCI_TestUTest.C, line 39
Ending Test, file ESMCI_TestUTest.C, line 43
Beginning Test, file ESMCI_TestUTest.C, line 32
NUMBER_OF_PROCESSORS 4
PASS Use of ESMC_Test(), true, ESMCI_TestUTest.C, line 39
Ending Test, file ESMCI_TestUTest.C, line 43
 PET 2 Test Elapsed Time  49.053000 msec.
 PET 0 Test Elapsed Time  48.846000 msec.
 PET 1 Test Elapsed Time  48.955000 msec.
 PET 3 Test Elapsed Time  49.095000 msec.
Wed Nov 11 05:55:28 MST 2020
