  Beginning Test, file ESMF_DELayoutWorkQueueUTest.F90, line 170
  NUMBER_OF_PROCESSORS           4
  Beginning Test, file ESMF_DELayoutWorkQueueUTest.F90, line 170
  NUMBER_OF_PROCESSORS           4
  Beginning Test, file ESMF_DELayoutWorkQueueUTest.F90, line 170
  NUMBER_OF_PROCESSORS           4
  Beginning Test, file ESMF_DELayoutWorkQueueUTest.F90, line 170
  NUMBER_OF_PROCESSORS           4
  PASS  GridCompCreate() - round 1, ESMF_DELayoutWorkQueueUTest.F90, line 187
  PASS  GridCompCreate() - round 1, ESMF_DELayoutWorkQueueUTest.F90, line 187
  PASS  GridCompCreate() - round 1, ESMF_DELayoutWorkQueueUTest.F90, line 187
  PASS  GridCompCreate() - round 1, ESMF_DELayoutWorkQueueUTest.F90, line 187
  PASS  GridCompSetServices() - round 1, ESMF_DELayoutWorkQueueUTest.F90, line 193
  PASS  GridCompSetServices() - round 1, ESMF_DELayoutWorkQueueUTest.F90, line 193
  PASS  GridCompSetServices() - round 1, ESMF_DELayoutWorkQueueUTest.F90, line 193
  PASS  GridCompSetServices() - round 1, ESMF_DELayoutWorkQueueUTest.F90, line 193
  PASS  Run work queue - round 1, ESMF_DELayoutWorkQueueUTest.F90, line 201
  PASS  Run work queue - round 1, ESMF_DELayoutWorkQueueUTest.F90, line 201
 <round 1> PET            0  time:    1.2171827256679535E-004
 <round 1> PET            3  time:    1.3891514390707016E-004
  PASS  GridCompDestroy() - round 1, ESMF_DELayoutWorkQueueUTest.F90, line 209
  PASS  GridCompDestroy() - round 1, ESMF_DELayoutWorkQueueUTest.F90, line 209
  PASS  Run work queue - round 1, ESMF_DELayoutWorkQueueUTest.F90, line 201
 <round 1> PET            1  time:    4.0273122247308493     
  PASS  GridCompDestroy() - round 1, ESMF_DELayoutWorkQueueUTest.F90, line 209
  PASS  Run work queue - round 1, ESMF_DELayoutWorkQueueUTest.F90, line 201
 <round 1> PET            2  time:    6.0275669712573290     
  PASS  GridCompDestroy() - round 1, ESMF_DELayoutWorkQueueUTest.F90, line 209
  PASS  GridCompCreate() - round 2, ESMF_DELayoutWorkQueueUTest.F90, line 217
  PASS  GridCompCreate() - round 2, ESMF_DELayoutWorkQueueUTest.F90, line 217
  PASS  GridCompCreate() - round 2, ESMF_DELayoutWorkQueueUTest.F90, line 217
  PASS  GridCompCreate() - round 2, ESMF_DELayoutWorkQueueUTest.F90, line 217
 *** hi from mygcomp_setvm_withthreads ***
 *** hi from mygcomp_setvm_withthreads ***
 *** hi from mygcomp_setvm_withthreads ***
  PASS  GridCompSetVM() - round 2, ESMF_DELayoutWorkQueueUTest.F90, line 227
 *** hi from mygcomp_setvm_withthreads ***
  PASS  GridCompSetVM() - round 2, ESMF_DELayoutWorkQueueUTest.F90, line 227
  PASS  GridCompSetVM() - round 2, ESMF_DELayoutWorkQueueUTest.F90, line 227
  PASS  GridCompSetVM() - round 2, ESMF_DELayoutWorkQueueUTest.F90, line 227
  PASS  GridCompSetServices() - round 2, ESMF_DELayoutWorkQueueUTest.F90, line 233
  PASS  GridCompSetServices() - round 2, ESMF_DELayoutWorkQueueUTest.F90, line 233
  PASS  GridCompSetServices() - round 2, ESMF_DELayoutWorkQueueUTest.F90, line 233
  PASS  GridCompSetServices() - round 2, ESMF_DELayoutWorkQueueUTest.F90, line 233
  PASS  Run work queue - round 2, ESMF_DELayoutWorkQueueUTest.F90, line 241
 <round 2> PET            3  time:    2.4825693098828197     
  PASS  GridCompDestroy() - round 2, ESMF_DELayoutWorkQueueUTest.F90, line 249
  Ending Test, file ESMF_DELayoutWorkQueueUTest.F90, line 257
  PASS  Run work queue - round 2, ESMF_DELayoutWorkQueueUTest.F90, line 241
 <round 2> PET            1  time:    2.5067307101562619     
  PASS  GridCompDestroy() - round 2, ESMF_DELayoutWorkQueueUTest.F90, line 249
  Ending Test, file ESMF_DELayoutWorkQueueUTest.F90, line 257
  PASS  Run work queue - round 2, ESMF_DELayoutWorkQueueUTest.F90, line 241
 <round 2> PET            2  time:    2.5133121572434902     
  PASS  GridCompDestroy() - round 2, ESMF_DELayoutWorkQueueUTest.F90, line 249
  Ending Test, file ESMF_DELayoutWorkQueueUTest.F90, line 257
  PASS  Run work queue - round 2, ESMF_DELayoutWorkQueueUTest.F90, line 241
 <round 2> PET            0  time:    2.5441204560920596     
  PASS  GridCompDestroy() - round 2, ESMF_DELayoutWorkQueueUTest.F90, line 249
  Ending Test, file ESMF_DELayoutWorkQueueUTest.F90, line 257
  PET           3  Test Elapsed Time    6036.9930000000004       msec.
  PET           1  Test Elapsed Time    6036.8990000000003       msec.
  PET           0  Test Elapsed Time    16082.867000000000       msec.
  PET           2  Test Elapsed Time    6035.9810000000007       msec.
