--------------------------------------------------------------------------
mpirun was unable to launch the specified application as it could not access
or execute an executable:

Executable: ./ESMF_ArrayBundleRedistSTest
Node: i042

while attempting to start process rank 0.
--------------------------------------------------------------------------
6 total processes failed to start
Fri Nov 20 02:50:17 MST 2020
