  Beginning Test, file ESMF_CalRangeUTest.F90, line 95
  NUMBER_OF_PROCESSORS           4
  Ending Test, file ESMF_CalRangeUTest.F90, line 550
  Beginning Test, file ESMF_CalRangeUTest.F90, line 95
  NUMBER_OF_PROCESSORS           4
  Ending Test, file ESMF_CalRangeUTest.F90, line 550
  Beginning Test, file ESMF_CalRangeUTest.F90, line 95
  NUMBER_OF_PROCESSORS           4
  Ending Test, file ESMF_CalRangeUTest.F90, line 550
  Beginning Test, file ESMF_CalRangeUTest.F90, line 95
  NUMBER_OF_PROCESSORS           4
  Ending Test, file ESMF_CalRangeUTest.F90, line 550
  PET           0  Test Elapsed Time    2.92899999999999       msec.
  PET           1  Test Elapsed Time    3.12599999999999       msec.
  PET           2  Test Elapsed Time    2.96299999999999       msec.
  PET           3  Test Elapsed Time    3.41700000000000       msec.
