  Beginning Test, file ESMF_AttributeUpdateUTest.F90, line 606
  NUMBER_OF_PROCESSORS           4
  Beginning Test, file ESMF_AttributeUpdateUTest.F90, line 606
  NUMBER_OF_PROCESSORS           4
  Beginning Test, file ESMF_AttributeUpdateUTest.F90, line 606
  NUMBER_OF_PROCESSORS           4
  Beginning Test, file ESMF_AttributeUpdateUTest.F90, line 606
  NUMBER_OF_PROCESSORS           4
  PASS  Getting an updated Attribute value from a Field test, ESMF_AttributeUpdateUTest.F90, line 697
  PASS  Getting an updated Attribute value from a Field test, ESMF_AttributeUpdateUTest.F90, line 697
  PASS  Getting an updated Attribute value from a Field test, ESMF_AttributeUpdateUTest.F90, line 697
  PASS  Getting an updated Attribute value from a Field test, ESMF_AttributeUpdateUTest.F90, line 697
  PASS  Getting an updated Attribute package Attribute value from a Field test, ESMF_AttributeUpdateUTest.F90, line 708
  PASS  Getting an updated Attribute package Attribute value from a Field test, ESMF_AttributeUpdateUTest.F90, line 708
  PASS  Getting an updated Attribute package Attribute value from a Field test, ESMF_AttributeUpdateUTest.F90, line 708
  PASS  Getting an updated Attribute package Attribute value from a Field test, ESMF_AttributeUpdateUTest.F90, line 708
  PASS  Getting an updated Attribute package Attribute value from Field test, ESMF_AttributeUpdateUTest.F90, line 717
  PASS  Getting an updated Attribute package Attribute value from Field test, ESMF_AttributeUpdateUTest.F90, line 717
  PASS  Getting an updated Attribute package Attribute value from Field test, ESMF_AttributeUpdateUTest.F90, line 717
  PASS  Getting an updated Attribute package Attribute value from Field test, ESMF_AttributeUpdateUTest.F90, line 717
  PASS  Getting an updated deleted Attribute value from a Field test, ESMF_AttributeUpdateUTest.F90, line 725
  PASS  Getting an updated deleted Attribute value from a Field test, ESMF_AttributeUpdateUTest.F90, line 725
  PASS  Getting an updated deleted Attribute value from a Field test, ESMF_AttributeUpdateUTest.F90, line 725
  PASS  Getting an updated deleted Attribute value from a Field test, ESMF_AttributeUpdateUTest.F90, line 725
  PASS  Getting a lone Attribute from a Field test: value = Lone Attribute, ESMF_AttributeUpdateUTest.F90, line 732
  PASS  Getting a lone Attribute from a Field test: value = Lone Attribute, ESMF_AttributeUpdateUTest.F90, line 732
  PASS  Getting a lone Attribute from a Field test: value = Lone Attribute, ESMF_AttributeUpdateUTest.F90, line 732
  PASS  Getting a lone Attribute from a Field test: value = Lone Attribute, ESMF_AttributeUpdateUTest.F90, line 732
  Ending Test, file ESMF_AttributeUpdateUTest.F90, line 757
  Ending Test, file ESMF_AttributeUpdateUTest.F90, line 757
  Ending Test, file ESMF_AttributeUpdateUTest.F90, line 757
  Ending Test, file ESMF_AttributeUpdateUTest.F90, line 757
  PET           0  Test Elapsed Time    12.888999999999998       msec.
  PET           2  Test Elapsed Time    12.905999999999993       msec.
  PET           3  Test Elapsed Time    13.509000000000000       msec.
  PET           1  Test Elapsed Time    13.660000000000005       msec.
Tue Dec 15 06:44:48 MST 2020
