Beginning Test, file ESMC_ClockUTest.C, line 48
NUMBER_OF_PROCESSORS 4
PASS Create ESMC_Calendar object, ESMC_ClockUTest.C, line 71
Clock ----------------------------------
name = TEST_CLOCK
timeStep = 
TimeInterval ---------------------------
P0Y0M0DT1H0M0S
end TimeInterval -----------------------

startTime = 
Time -----------------------------------
2006-01-01T00:00:00
end Time -------------------------------

stopTime = 
Time -----------------------------------
2006-01-01T01:00:00
end Time -------------------------------

stopTimeEnabled = true
refTime = 
Time -----------------------------------
2006-01-01T00:00:00
end Time -------------------------------

currTime = 
Time -----------------------------------
2006-01-01T00:00:00
end Time -------------------------------

prevTime = 
Time -----------------------------------
2006-01-01T00:00:00
end Time -------------------------------

advanceCount = 0
direction = 1
userChangedDirection = false
alarmCount = 0
alarmList = 
end Clock ------------------------------

Clock ----------------------------------
name = TEST_CLOCK
timeStep = 
TimeInterval ---------------------------
P0Y0M0DT1H0M0S
end TimeInterval -----------------------

startTime = 
Time -----------------------------------
2006-01-01T00:00:00
end Time -------------------------------

stopTime = 
Time -----------------------------------
2006-01-01T01:00:00
end Time -------------------------------

stopTimeEnabled = true
refTime = 
Time -----------------------------------
2006-01-01T00:00:00
end Time -------------------------------

currTime = 
Time -----------------------------------
2006-01-01T00:00:00
end Time -------------------------------

prevTime = 
PASS Set Start Time, ESMC_ClockUTest.C, line 79
PASS Set Stop Time, ESMC_ClockUTest.C, line 87
PASS Set a TimeInterval, ESMC_ClockUTest.C, line 95
PASS Create ESMC_Clock object, ESMC_ClockUTest.C, line 103
PASS Print ESMC_Clock object, ESMC_ClockUTest.C, line 111
PASS Get ESMC_Clock object current time and advance count, ESMC_ClockUTest.C, line 119
PASS Advance the Clock object, ESMC_ClockUTest.C, line 127
PASS Destroy ESMC_Clock object, ESMC_ClockUTest.C, line 168
PASS Destroy ESMC_Calendar object, ESMC_ClockUTest.C, line 176
Ending Test, file ESMC_ClockUTest.C, line 287
Beginning Test, file ESMC_ClockUTest.C, line 48
NUMBER_OF_PROCESSORS 4
PASS Create ESMC_Calendar object, ESMC_ClockUTest.C, line 71
PASS Set Start Time, ESMC_ClockUTest.C, line 79
PASS Set Stop Time, ESMC_ClockUTest.C, line 87
PASS Set a TimeInterval, ESMC_ClockUTest.C, line 95
PASS Create ESMC_Clock object, ESMC_ClockUTest.C, line 103
Time -----------------------------------
2006-01-01T00:00:00
end Time -------------------------------

advanceCount = 0
direction = 1
userChangedDirection = false
alarmCount = 0
alarmList = 
end Clock ------------------------------

PASS Print ESMC_Clock object, ESMC_ClockUTest.C, line 111
PASS Get ESMC_Clock object current time and advance count, ESMC_ClockUTest.C, line 119
PASS Advance the Clock object, ESMC_ClockUTest.C, line 127
PASS Destroy ESMC_Clock object, ESMC_ClockUTest.C, line 168
PASS Destroy ESMC_Calendar object, ESMC_ClockUTest.C, line 176
Ending Test, file ESMC_ClockUTest.C, line 287
Beginning Test, file ESMC_ClockUTest.C, line 48
Beginning Test, file ESMC_ClockUTest.C, line 48
NUMBER_OF_PROCESSORS 4
NUMBER_OF_PROCESSORS 4
PASS Create ESMC_Calendar object, ESMC_ClockUTest.C, line 71
PASS Create ESMC_Calendar object, ESMC_ClockUTest.C, line 71
PASS Set Start Time, ESMC_ClockUTest.C, line 79
PASS Set Start Time, ESMC_ClockUTest.C, line 79
PASS Set Stop Time, ESMC_ClockUTest.C, line 87
PASS Set Stop Time, ESMC_ClockUTest.C, line 87
PASS Set a TimeInterval, ESMC_ClockUTest.C, line 95
PASS Set a TimeInterval, ESMC_ClockUTest.C, line 95
PASS Create ESMC_Clock object, ESMC_ClockUTest.C, line 103
PASS Create ESMC_Clock object, ESMC_ClockUTest.C, line 103
Clock ----------------------------------
Clock ----------------------------------
name = TEST_CLOCK
timeStep = 
name = TEST_CLOCK
timeStep = 
TimeInterval ---------------------------
TimeInterval ---------------------------
P0Y0M0DT1H0M0S
end TimeInterval -----------------------

startTime = 
Time -----------------------------------
2006-01-01T00:00:00
end Time -------------------------------

stopTime = 
P0Y0M0DT1H0M0S
end TimeInterval -----------------------

startTime = 
Time -----------------------------------
2006-01-01T00:00:00
end Time -------------------------------

stopTime = 
Time -----------------------------------
Time -----------------------------------
2006-01-01T01:00:00
2006-01-01T01:00:00
end Time -------------------------------

stopTimeEnabled = true
refTime = 
Time -----------------------------------
end Time -------------------------------

stopTimeEnabled = true
refTime = 
Time -----------------------------------
2006-01-01T00:00:00
end Time -------------------------------

2006-01-01T00:00:00
end Time -------------------------------

currTime = 
currTime = 
Time -----------------------------------
2006-01-01T00:00:00
Time -----------------------------------
2006-01-01T00:00:00
end Time -------------------------------

prevTime = 
end Time -------------------------------

prevTime = 
Time -----------------------------------
2006-01-01T00:00:00
end Time -------------------------------

Time -----------------------------------
2006-01-01T00:00:00
end Time -------------------------------

advanceCount = 0
advanceCount = 0
direction = 1
userChangedDirection = false
alarmCount = 0
alarmList = 
end Clock ------------------------------
direction = 1
userChangedDirection = false
alarmCount = 0
alarmList = 
end Clock ------------------------------

PASS Print ESMC_Clock object, ESMC_ClockUTest.C, line 111
PASS Print ESMC_Clock object, ESMC_ClockUTest.C, line 111
PASS Get ESMC_Clock object current time and advance count, ESMC_ClockUTest.C, line 119

PASS Get ESMC_Clock object current time and advance count, ESMC_ClockUTest.C, line 119
PASS Advance the Clock object, ESMC_ClockUTest.C, line 127
PASS Advance the Clock object, ESMC_ClockUTest.C, line 127
PASS Destroy ESMC_Clock object, ESMC_ClockUTest.C, line 168
PASS Destroy ESMC_Clock object, ESMC_ClockUTest.C, line 168
PASS Destroy ESMC_Calendar object, ESMC_ClockUTest.C, line 176
PASS Destroy ESMC_Calendar object, ESMC_ClockUTest.C, line 176
Ending Test, file ESMC_ClockUTest.C, line 287
Ending Test, file ESMC_ClockUTest.C, line 287
 PET 1 Test Elapsed Time  42.511000 msec.
result = 0
 PET 3 Test Elapsed Time  42.481000 msec.
result = 0
 PET 0 Test Elapsed Time  43.294000 msec.
result = 0
 PET 2 Test Elapsed Time  43.500000 msec.
result = 0
