Beginning Test, file ESMC_Proj4UTest.C, line 49
NUMBER_OF_PROCESSORS 1
PASS PROJ.4 rotated pole transform test, ESMC_Proj4UTest.C, line 119
Ending Test, file ESMC_Proj4UTest.C, line 123
 PET 0 Test Elapsed Time  0.827000 msec.
Thu Jan  7 20:50:00 MST 2021
