Beginning Test, file ESMC_MBMesh_SerializeUTest.C, line 103
NUMBER_OF_PROCESSORS 4
Beginning Test, file ESMC_MBMesh_SerializeUTest.C, line 103
NUMBER_OF_PROCESSORS 4
Beginning Test, file ESMC_MBMesh_SerializeUTest.C, line 103
NUMBER_OF_PROCESSORS 4
Beginning Test, file ESMC_MBMesh_SerializeUTest.C, line 103
NUMBER_OF_PROCESSORS 4
PASS Serialization of an MBMesh, ESMC_MBMesh_SerializeUTest.C, line 145
PASS Serialization of an MBMesh, ESMC_MBMesh_SerializeUTest.C, line 145
PASS Serialization of an MBMesh, ESMC_MBMesh_SerializeUTest.C, line 145
MESH PET 0 - size = 4
 * MESH PET 1 - size = 4
 * MESH PET 2 - size = 4
 * MESH PET 3 - size = 4
 * PASS Serialization of an MBMesh, ESMC_MBMesh_SerializeUTest.C, line 145
PET PET PET 1 - Element 12 - Element 1
PET 3 - Element 1
 * 0 - Element 1
 * PET 0 - Element 2
 * 
 * PET 1 - Element 2
 * PET 1 - Element 3
 * PET 1 - Element 4
 * PET 2 - Element 2
 * PET 2 - Element 3
 * PET 2 - Element 4
PET 3 - Element 2
 * PET 3 - Element 3
 * PET 3 - Element 4
PET 0 - Element 3
 * PET 0 - Element 4
PASS Deserialization of an MBMesh, ESMC_MBMesh_SerializeUTest.C, line 161
PASS Deserialization of an MBMesh, ESMC_MBMesh_SerializeUTest.C, line 161
MESH PET 0 - size = 0
MESH PET 1 - size = 0
MESH PET 2 - size = 0
MESH PET 3 - size = 0
PASS Deserialization of an MBMesh, ESMC_MBMesh_SerializeUTest.C, line 161
PASS Deserialization of an MBMesh, ESMC_MBMesh_SerializeUTest.C, line 161
Ending Test, file ESMC_MBMesh_SerializeUTest.C, line 173
Ending Test, file ESMC_MBMesh_SerializeUTest.C, line 173
Ending Test, file ESMC_MBMesh_SerializeUTest.C, line 173
Ending Test, file ESMC_MBMesh_SerializeUTest.C, line 173
 PET 2 Test Elapsed Time  2.231000 msec.
 PET 1 Test Elapsed Time  2.147000 msec.
 PET 3 Test Elapsed Time  2.346000 msec.
 PET 0 Test Elapsed Time  2.204000 msec.
Fri Dec  4 16:41:09 MST 2020
