  Beginning Test, file ESMF_InfoArrayUTest.F90, line 72
  NUMBER_OF_PROCESSORS           4
  Beginning Test, file ESMF_InfoArrayUTest.F90, line 72
  NUMBER_OF_PROCESSORS           4
  Beginning Test, file ESMF_InfoArrayUTest.F90, line 72
  NUMBER_OF_PROCESSORS           4
  Beginning Test, file ESMF_InfoArrayUTest.F90, line 72
  NUMBER_OF_PROCESSORS           4

Program received signal SIGABRT: Process abort signal.

Backtrace for this error:

Program received signal SIGABRT: Process abort signal.

Backtrace for this error:

Program received signal SIGABRT: Process abort signal.

Backtrace for this error:

Program received signal SIGABRT: Process abort signal.

Backtrace for this error:
#0  0x10a8b9b6d
#1  0x10a8b8f9d
#2  0x7fff5dcf7b5c
#0  0x1059eab6d
#1  0x1059e9f9d
#2  0x7fff5dcf7b5c
#0  0x10d0a8b6d
#1  0x10d0a7f9d
#2  0x7fff5dcf7b5c
#0  0x10ee8bb6d
#1  0x10ee8af9d
#2  0x7fff5dcf7b5c

===================================================================================
=   BAD TERMINATION OF ONE OF YOUR APPLICATION PROCESSES
=   PID 99392 RUNNING AT cgdm-catania
=   EXIT CODE: 6
=   CLEANING UP REMAINING PROCESSES
=   YOU CAN IGNORE THE BELOW CLEANUP MESSAGES
===================================================================================
YOUR APPLICATION TERMINATED WITH THE EXIT STRING: Abort trap: 6 (signal 6)
This typically refers to a problem with your application.
Please see the FAQ page for debugging suggestions
Wed Feb 24 17:19:10 MST 2021
