/project/esmf/himanshu/nag/esmf/src/Infrastructure/stubs/mpiuni/mpirun: line 41: ./ESMC_LocStreamUTest: No such file or directory
Fri Jan 22 09:02:23 MST 2021
