/project/esmf/himanshu/nag/esmf/src/Infrastructure/stubs/mpiuni/mpirun: line 41: ./ESMF_StateReadWriteUTest: No such file or directory
Tue Feb  2 23:36:49 MST 2021
