  Beginning Test, file ESMF_FieldStressUTest.F90, line 51
  NUMBER_OF_PROCESSORS           1
  PASS  Create a simple Field, repeat 10 times, ESMF_FieldStressUTest.F90, line 61
  PASS  Create a simple Field, repeat 100 times, ESMF_FieldStressUTest.F90, line 69
  PASS  Create a simple Field, repeat 1000 times, ESMF_FieldStressUTest.F90, line 77
  PASS  Create a simple Field, repeat 10000 times, ESMF_FieldStressUTest.F90, line 85
  Ending Test, file ESMF_FieldStressUTest.F90, line 88
  PET           0  Test Elapsed Time    4356.4459999999999       msec.
Thu Nov  5 05:30:26 MST 2020
