  Beginning Test, file ESMF_VMOpenMPUTest.F90, line 57
  NUMBER_OF_PROCESSORS           4
  Beginning Test, file ESMF_VMOpenMPUTest.F90, line 57
  NUMBER_OF_PROCESSORS           4
  Beginning Test, file ESMF_VMOpenMPUTest.F90, line 57
  NUMBER_OF_PROCESSORS           4
  Beginning Test, file ESMF_VMOpenMPUTest.F90, line 57
  NUMBER_OF_PROCESSORS           4
 tid =            0
 tid =            0
  PASS  Check that OpenMP functions correctly if it is available, ESMF_VMOpenMPUTest.F90, line 84
 tid =            0
  PASS  Check that OpenMP functions correctly if it is available, ESMF_VMOpenMPUTest.F90, line 84
 tid =            0
  PASS  Check that OpenMP functions correctly if it is available, ESMF_VMOpenMPUTest.F90, line 84
  PASS  Check that OpenMP functions correctly if it is available, ESMF_VMOpenMPUTest.F90, line 84
 ESMF was compiled with OpenMP
  PASS  Determine whether ESMF library was compiled with OpenMP, ESMF_VMOpenMPUTest.F90, line 97
  Ending Test, file ESMF_VMOpenMPUTest.F90, line 101
 ESMF was compiled with OpenMP
  PASS  Determine whether ESMF library was compiled with OpenMP, ESMF_VMOpenMPUTest.F90, line 97
  Ending Test, file ESMF_VMOpenMPUTest.F90, line 101
 ESMF was compiled with OpenMP
  PASS  Determine whether ESMF library was compiled with OpenMP, ESMF_VMOpenMPUTest.F90, line 97
  Ending Test, file ESMF_VMOpenMPUTest.F90, line 101
 ESMF was compiled with OpenMP
  PASS  Determine whether ESMF library was compiled with OpenMP, ESMF_VMOpenMPUTest.F90, line 97
  Ending Test, file ESMF_VMOpenMPUTest.F90, line 101
  PET           1  Test Elapsed Time    6.7590000000000012       msec.
  PET           0  Test Elapsed Time    6.8849999999999953       msec.
  PET           2  Test Elapsed Time    6.5589999999999957       msec.
  PET           3  Test Elapsed Time    7.3150000000000022       msec.
