  Beginning Test, file ESMF_InfoCacheUTest.F90, line 60
  NUMBER_OF_PROCESSORS           1
  PASS  Initialize + Destroy, ESMF_InfoCacheUTest.F90, line 82
  PASS  Update for State, ESMF_InfoCacheUTest.F90, line 164
  Ending Test, file ESMF_InfoCacheUTest.F90, line 194
  PET           0  Test Elapsed Time    13.5240000000000       msec.
Tue Mar  2 11:51:06 MST 2021
