/project/esmf/himanshu/esmf_test/cronjobs/daily/gfortran/esmf/src/Infrastructure/stubs/mpiuni/mpirun: line 41: ./ESMC_TimeIntervalUTest: No such file or directory
