--------------------------------------------------------------------------
By default, for Open MPI 4.0 and later, infiniband ports on a device
are not used by default.  The intent is to use UCX for these devices.
You can override this policy by setting the btl_openib_allow_ib MCA parameter
to true.

  Local host:              i041
  Local adapter:           hfi1_0
  Local port:              1

--------------------------------------------------------------------------
--------------------------------------------------------------------------
WARNING: There was an error initializing an OpenFabrics device.

  Local host:   i041
  Local device: hfi1_0
--------------------------------------------------------------------------
  Beginning Test, file ESMF_StdCompMethodsUTest.F90, line 353
  Beginning Test, file ESMF_StdCompMethodsUTest.F90, line 353
  NUMBER_OF_PROCESSORS           4
  NUMBER_OF_PROCESSORS           4
  Beginning Test, file ESMF_StdCompMethodsUTest.F90, line 353
  Beginning Test, file ESMF_StdCompMethodsUTest.F90, line 353
--- ESMCI::VM::print() start ---
  NUMBER_OF_PROCESSORS           4
--- ESMCI::VMId::print() start ---
  NUMBER_OF_PROCESSORS           4
  vmKeyWidth = 1
  vmKey=0xF0000000
  localID = 0
--- ESMCI::VMId::print() end ---
--- VMK::print() start ---
vm located at: 0x50d27d0
npets = 4, mypet=3
  pth_mutex =	--- ESMCI::VM::print() start ---
--- ESMCI::VMId::print() start ---
	 0x5220860
  pth_finish_count =	 (nil)
MPI_Comm_size: 4
MPI_Comm_rank in local MPI communicator: 3
MPI_Comm_rank in MPI_COMM_WORLD: 3
MPI thread level support: 3
--- ESMCI::VM::print() start ---
  vmKeyWidth = 1
  vmKey=0xF0000000
  localID = 0
--- ESMCI::VMId::print() end ---
mpi_mutex_flag: 0
mpionly: 1
nothreadsflag: 1
  lpid[0]=0, tid[0]=0, vas[0]=0, ncpet[0]=1, nadevs[0]=0, cid[0][0]=0
  lpid[1]=1, tid[1]=0, vas[1]=1, ncpet[1]=1, nadevs[1]=0, cid[1][0]=1
--- VMK::print() start ---
vm located at: 0x65117d0
npets = 4, mypet=0
  pth_mutex =		 0x665f8b0
  pth_finish_count =	 (nil)
--- ESMCI::VMId::print() start ---
--- ESMCI::VM::print() start ---
  lpid[2]=2, tid[2]=0, vas[2]=2, ncpet[2]=1, nadevs[2]=0, cid[2][0]=2
  lpid[3]=3, tid[3]=0, vas[3]=3, ncpet[3]=1, nadevs[3]=0, cid[3][0]=3
ncores = 4
  cpuid[0]=0, ssiid[0]=0
  cpuid[1]=1, ssiid[1]=0
  cpuid[2]=2, ssiid[2]=0
  cpuid[3]=3, ssiid[3]=0
--- VMK::print() end ---
--- ESMCI::VM::print() end ---
MPI_Comm_size: 4
MPI_Comm_rank in local MPI communicator: 0
MPI_Comm_rank in MPI_COMM_WORLD: 0
MPI thread level support: 3
  vmKeyWidth = 1
  vmKey=0xF0000000
  localID = 0
--- ESMCI::VMId::print() start ---
  vmKeyWidth = 1
mpi_mutex_flag: 0
mpionly: 1
nothreadsflag: 1
  lpid[0]=0, tid[0]=0, vas[0]=0, ncpet[0]=1, nadevs[0]=0, cid[0][0]=0
  lpid[1]=1, tid[1]=0, vas[1]=1, ncpet[1]=1, nadevs[1]=0, cid[1][0]=1
  lpid[2]=2, tid[2]=0, vas[2]=2, ncpet[2]=1, nadevs[2]=0, cid[2][0]=2
--- ESMCI::VMId::print() end ---
--- VMK::print() start ---
vm located at: 0x55497d0
npets = 4, mypet=2
  lpid[3]=3, tid[3]=0, vas[3]=3, ncpet[3]=1, nadevs[3]=0, cid[3][0]=3
ncores = 4
  cpuid[0]=0, ssiid[0]=0
  cpuid[1]=1, ssiid[1]=0
  cpuid[2]=2, ssiid[2]=0
  cpuid[3]=3, ssiid[3]=0
--- VMK::print() end ---
  vmKey=0xF0000000
  localID = 0
--- ESMCI::VMId::print() end ---
--- VMK::print() start ---
vm located at: 0x539c7d0
  pth_mutex =		 0x5697c10
  pth_finish_count =	 (nil)
npets = 4, mypet=1
  pth_mutex =		 0x54ea850
  pth_finish_count =	--- ESMCI::VM::print() end ---
MPI_Comm_size: 4
MPI_Comm_rank in local MPI communicator: 2
MPI_Comm_rank in MPI_COMM_WORLD: 2
MPI thread level support: 3
mpi_mutex_flag: 0
 (nil)
MPI_Comm_size: 4
MPI_Comm_rank in local MPI communicator: 1
mpionly: 1
nothreadsflag: 1
MPI_Comm_rank in MPI_COMM_WORLD: 1
MPI thread level support: 3
mpi_mutex_flag: 0
mpionly: 1
nothreadsflag: 1
  lpid[0]=0, tid[0]=0, vas[0]=0, ncpet[0]=1, nadevs[0]=0, cid[0][0]=0
  lpid[1]=1, tid[1]=0, vas[1]=1, ncpet[1]=1, nadevs[1]=0, cid[1][0]=1
  lpid[2]=2, tid[2]=0, vas[2]=2, ncpet[2]=1, nadevs[2]=0, cid[2][0]=2
  lpid[3]=3, tid[3]=0, vas[3]=3, ncpet[3]=1, nadevs[3]=0, cid[3][0]=3
  lpid[0]=0, tid[0]=0, vas[0]=0, ncpet[0]=1, nadevs[0]=0, cid[0][0]=0
  lpid[1]=1, tid[1]=0, vas[1]=1, ncpet[1]=1, nadevs[1]=0, cid[1][0]=1
  lpid[2]=2, tid[2]=0, vas[2]=2, ncpet[2]=1, nadevs[2]=0, cid[2][0]=2
ncores = 4
  cpuid[0]=0, ssiid[0]=0
  cpuid[1]=1, ssiid[1]=0
  lpid[3]=3, tid[3]=0, vas[3]=3, ncpet[3]=1, nadevs[3]=0, cid[3][0]=3
ncores = 4
  cpuid[0]=0, ssiid[0]=0
  cpuid[2]=2, ssiid[2]=0
  cpuid[3]=3, ssiid[3]=0
--- VMK::print() end ---
  cpuid[1]=1, ssiid[1]=0
  cpuid[2]=2, ssiid[2]=0
--- ESMCI::VM::print() end ---
  cpuid[3]=3, ssiid[3]=0
--- VMK::print() end ---
--- ESMCI::VM::print() end ---
  PASS  Gridded Component Create() Test, ESMF_StdCompMethodsUTest.F90, line 368
  PASS  Gridded Component Create() Test, ESMF_StdCompMethodsUTest.F90, line 368
  PASS  Gridded Component Create() Test, ESMF_StdCompMethodsUTest.F90, line 368
  PASS  Gridded Component SetVM() Test, ESMF_StdCompMethodsUTest.F90, line 375
  PASS  Gridded Component Create() Test, ESMF_StdCompMethodsUTest.F90, line 368
  PASS  Gridded Component SetVM() Test, ESMF_StdCompMethodsUTest.F90, line 375
  PASS  Gridded Component SetVM() Test, ESMF_StdCompMethodsUTest.F90, line 375
  PASS  Gridded Component SetVM() Test, ESMF_StdCompMethodsUTest.F90, line 375
  PASS  Gridded Component SetServices() Test, ESMF_StdCompMethodsUTest.F90, line
  382
  PASS  Gridded Component Initialize() Test, ESMF_StdCompMethodsUTest.F90, line 
 389
  PASS  Gridded Component SetServices() Test, ESMF_StdCompMethodsUTest.F90, line
  382
  PASS  Gridded Component Initialize() Test - with timeout, ESMF_StdCompMethodsU
 Test.F90, line 396
  PASS  Gridded Component Run() Test, ESMF_StdCompMethodsUTest.F90, line 403
  PASS  Gridded Component Initialize() Test, ESMF_StdCompMethodsUTest.F90, line 
 389
  PASS  Gridded Component Run() Test - with timeout, ESMF_StdCompMethodsUTest.F9
 0, line 410
  PASS  Gridded Component SetServices() Test, ESMF_StdCompMethodsUTest.F90, line
  382
  PASS  Gridded Component Finalize() Test, ESMF_StdCompMethodsUTest.F90, line 41
 7
  PASS  Gridded Component Initialize() Test - with timeout, ESMF_StdCompMethodsU
 Test.F90, line 396
  PASS  Gridded Component SetServices() Test, ESMF_StdCompMethodsUTest.F90, line
  382
  PASS  Gridded Component Finalize() Test - with timeout, ESMF_StdCompMethodsUTe
 st.F90, line 424
  PASS  Gridded Component WriteRestart() Test, ESMF_StdCompMethodsUTest.F90, lin
 e 431
  PASS  Gridded Component Initialize() Test, ESMF_StdCompMethodsUTest.F90, line 
 389
  PASS  Gridded Component Run() Test, ESMF_StdCompMethodsUTest.F90, line 403
  PASS  Gridded Component WriteRestart() Test - with timeout, ESMF_StdCompMethod
 sUTest.F90, line 438
  PASS  Gridded Component Run() Test - with timeout, ESMF_StdCompMethodsUTest.F9
 0, line 410
  PASS  Gridded Component ReadRestart() Test, ESMF_StdCompMethodsUTest.F90, line
  445
  PASS  Gridded Component Initialize() Test, ESMF_StdCompMethodsUTest.F90, line 
 389
  PASS  Gridded Component ReadRestart() Test - with timeout, ESMF_StdCompMethods
 UTest.F90, line 452
  PASS  Gridded Component Initialize() Test - with timeout, ESMF_StdCompMethodsU
 Test.F90, line 396
  PASS  Gridded Component Finalize() Test, ESMF_StdCompMethodsUTest.F90, line 41
 7
  PASS  Gridded Component Destroy() Test, ESMF_StdCompMethodsUTest.F90, line 459
  PASS  Gridded Component Finalize() Test - with timeout, ESMF_StdCompMethodsUTe
 st.F90, line 424
  PASS  Gridded Component Initialize() Test - with timeout, ESMF_StdCompMethodsU
 Test.F90, line 396
  PASS  Gridded Component Run() Test, ESMF_StdCompMethodsUTest.F90, line 403
  PASS  Gridded Component WriteRestart() Test, ESMF_StdCompMethodsUTest.F90, lin
 e 431
  PASS  Gridded Component WriteRestart() Test - with timeout, ESMF_StdCompMethod
 sUTest.F90, line 438
  PASS  Gridded Component Run() Test - with timeout, ESMF_StdCompMethodsUTest.F9
 0, line 410
  PASS  Gridded Component Run() Test, ESMF_StdCompMethodsUTest.F90, line 403
  PASS  Gridded Component ReadRestart() Test, ESMF_StdCompMethodsUTest.F90, line
  445
  PASS  Gridded Component Finalize() Test, ESMF_StdCompMethodsUTest.F90, line 41
 7
  PASS  Gridded Component ReadRestart() Test - with timeout, ESMF_StdCompMethods
 UTest.F90, line 452
  PASS  Gridded Component Run() Test - with timeout, ESMF_StdCompMethodsUTest.F9
 0, line 410
  PASS  Gridded Component Finalize() Test - with timeout, ESMF_StdCompMethodsUTe
 st.F90, line 424
  PASS  Gridded Component Destroy() Test, ESMF_StdCompMethodsUTest.F90, line 459
  PASS  Gridded Component Finalize() Test, ESMF_StdCompMethodsUTest.F90, line 41
 7
  PASS  Gridded Component WriteRestart() Test, ESMF_StdCompMethodsUTest.F90, lin
 e 431
  PASS  Gridded Component Finalize() Test - with timeout, ESMF_StdCompMethodsUTe
 st.F90, line 424
  PASS  Gridded Component WriteRestart() Test - with timeout, ESMF_StdCompMethod
 sUTest.F90, line 438
  PASS  Gridded Component WriteRestart() Test, ESMF_StdCompMethodsUTest.F90, lin
 e 431
  PASS  Gridded Component ReadRestart() Test, ESMF_StdCompMethodsUTest.F90, line
  445
  PASS  Gridded Component WriteRestart() Test - with timeout, ESMF_StdCompMethod
 sUTest.F90, line 438
  PASS  Gridded Component ReadRestart() Test - with timeout, ESMF_StdCompMethods
 UTest.F90, line 452
  PASS  Gridded Component ReadRestart() Test, ESMF_StdCompMethodsUTest.F90, line
  445
  PASS  Gridded Component Destroy() Test, ESMF_StdCompMethodsUTest.F90, line 459
  PASS  Gridded Component ReadRestart() Test - with timeout, ESMF_StdCompMethods
 UTest.F90, line 452
  PASS  Gridded Component Destroy() Test, ESMF_StdCompMethodsUTest.F90, line 459
  PASS  Coupler Component Create() Test, ESMF_StdCompMethodsUTest.F90, line 469
  PASS  Coupler Component Create() Test, ESMF_StdCompMethodsUTest.F90, line 469
  PASS  Coupler Component Create() Test, ESMF_StdCompMethodsUTest.F90, line 469
  PASS  Coupler Component Create() Test, ESMF_StdCompMethodsUTest.F90, line 469
  PASS  Coupler Component SetVM() Test, ESMF_StdCompMethodsUTest.F90, line 476
  PASS  Coupler Component SetVM() Test, ESMF_StdCompMethodsUTest.F90, line 476
  PASS  Coupler Component SetVM() Test, ESMF_StdCompMethodsUTest.F90, line 476
  PASS  Coupler Component SetVM() Test, ESMF_StdCompMethodsUTest.F90, line 476
  PASS  Coupler Component SetServices() Test, ESMF_StdCompMethodsUTest.F90, line
  483
  PASS  Coupler Component SetServices() Test, ESMF_StdCompMethodsUTest.F90, line
  483
  PASS  Coupler Component Initialize() Test, ESMF_StdCompMethodsUTest.F90, line 
 490
  PASS  Coupler Component SetServices() Test, ESMF_StdCompMethodsUTest.F90, line
  483
  PASS  Coupler Component SetServices() Test, ESMF_StdCompMethodsUTest.F90, line
  483
  PASS  Coupler Component Initialize() Test - with timeout, ESMF_StdCompMethodsU
 Test.F90, line 497
  PASS  Coupler Component Initialize() Test, ESMF_StdCompMethodsUTest.F90, line 
 490
  PASS  Coupler Component Run() Test, ESMF_StdCompMethodsUTest.F90, line 504
  PASS  Coupler Component Initialize() Test - with timeout, ESMF_StdCompMethodsU
 Test.F90, line 497
  PASS  Coupler Component Run() Test - with timeout, ESMF_StdCompMethodsUTest.F9
 0, line 511
  PASS  Coupler Component Initialize() Test, ESMF_StdCompMethodsUTest.F90, line 
 490
  PASS  Coupler Component Initialize() Test, ESMF_StdCompMethodsUTest.F90, line 
  PASS  Coupler Component Finalize() Test, ESMF_StdCompMethodsUTest.F90, line 51
 8
 490
  PASS  Coupler Component Run() Test, ESMF_StdCompMethodsUTest.F90, line 504
  PASS  Coupler Component Finalize() Test - with timeout, ESMF_StdCompMethodsUTe
 st.F90, line 525
  PASS  Coupler Component Initialize() Test - with timeout, ESMF_StdCompMethodsU
 Test.F90, line 497
  PASS  Coupler Component WriteRestart() Test, ESMF_StdCompMethodsUTest.F90, lin
 e 532
  PASS  Coupler Component Run() Test - with timeout, ESMF_StdCompMethodsUTest.F9
 0, line 511
  PASS  Coupler Component WriteRestart() Test - with timeout, ESMF_StdCompMethod
 sUTest.F90, line 539
  PASS  Coupler Component Initialize() Test - with timeout, ESMF_StdCompMethodsU
 Test.F90, line 497
  PASS  Coupler Component Finalize() Test, ESMF_StdCompMethodsUTest.F90, line 51
 8
  PASS  Coupler Component ReadRestart() Test, ESMF_StdCompMethodsUTest.F90, line
  546
  PASS  Coupler Component Run() Test, ESMF_StdCompMethodsUTest.F90, line 504
  PASS  Coupler Component ReadRestart() Test - with timeout, ESMF_StdCompMethods
 UTest.F90, line 553
  PASS  Coupler Component Finalize() Test - with timeout, ESMF_StdCompMethodsUTe
 st.F90, line 525
  PASS  Coupler Component Run() Test, ESMF_StdCompMethodsUTest.F90, line 504
  PASS  Coupler Component Destroy() Test, ESMF_StdCompMethodsUTest.F90, line 560
  PASS  Coupler Component Run() Test - with timeout, ESMF_StdCompMethodsUTest.F9
 0, line 511
  PASS  Coupler Component WriteRestart() Test, ESMF_StdCompMethodsUTest.F90, lin
 e 532
  PASS  Coupler Component Run() Test - with timeout, ESMF_StdCompMethodsUTest.F9
 0, line 511
  PASS  Coupler Component WriteRestart() Test - with timeout, ESMF_StdCompMethod
 sUTest.F90, line 539
  PASS  Coupler Component Finalize() Test, ESMF_StdCompMethodsUTest.F90, line 51
 8
  PASS  Coupler Component ReadRestart() Test, ESMF_StdCompMethodsUTest.F90, line
  546
  PASS  Coupler Component Finalize() Test, ESMF_StdCompMethodsUTest.F90, line 51
 8
  PASS  Coupler Component Finalize() Test - with timeout, ESMF_StdCompMethodsUTe
 st.F90, line 525
  PASS  Coupler Component ReadRestart() Test - with timeout, ESMF_StdCompMethods
 UTest.F90, line 553
  PASS  Coupler Component Finalize() Test - with timeout, ESMF_StdCompMethodsUTe
 st.F90, line 525
  PASS  Coupler Component Destroy() Test, ESMF_StdCompMethodsUTest.F90, line 560
  PASS  Coupler Component WriteRestart() Test, ESMF_StdCompMethodsUTest.F90, lin
 e 532
  PASS  Coupler Component WriteRestart() Test, ESMF_StdCompMethodsUTest.F90, lin
 e 532
  PASS  Coupler Component WriteRestart() Test - with timeout, ESMF_StdCompMethod
 sUTest.F90, line 539
  PASS  Coupler Component ReadRestart() Test, ESMF_StdCompMethodsUTest.F90, line
  546
  PASS  Coupler Component WriteRestart() Test - with timeout, ESMF_StdCompMethod
 sUTest.F90, line 539
  PASS  Coupler Component ReadRestart() Test - with timeout, ESMF_StdCompMethods
 UTest.F90, line 553
  PASS  Coupler Component ReadRestart() Test, ESMF_StdCompMethodsUTest.F90, line
  546
  PASS  Coupler Component Destroy() Test, ESMF_StdCompMethodsUTest.F90, line 560
  PASS  Coupler Component ReadRestart() Test - with timeout, ESMF_StdCompMethods
 UTest.F90, line 553
  PASS  Coupler Component Destroy() Test, ESMF_StdCompMethodsUTest.F90, line 560
  PASS  Coupler Component Create() Test, ESMF_StdCompMethodsUTest.F90, line 570
  PASS  Coupler Component Create() Test, ESMF_StdCompMethodsUTest.F90, line 570
  PASS  Coupler Component Create() Test, ESMF_StdCompMethodsUTest.F90, line 570
  PASS  Coupler Component SetVM() Test, ESMF_StdCompMethodsUTest.F90, line 577
  PASS  Coupler Component Create() Test, ESMF_StdCompMethodsUTest.F90, line 570
  PASS  Coupler Component SetVM() Test, ESMF_StdCompMethodsUTest.F90, line 577
  PASS  Coupler Component SetVM() Test, ESMF_StdCompMethodsUTest.F90, line 577
  PASS  Coupler Component SetVM() Test, ESMF_StdCompMethodsUTest.F90, line 577
  PASS  Coupler Component SetServices() Test, ESMF_StdCompMethodsUTest.F90, line
  584
  PASS  Coupler Component SetServices() Test, ESMF_StdCompMethodsUTest.F90, line
  584
  PASS  Coupler Component Initialize() Test, ESMF_StdCompMethodsUTest.F90, line 
 591
  PASS  Coupler Component SetServices() Test, ESMF_StdCompMethodsUTest.F90, line
  PASS  Coupler Component SetServices() Test, ESMF_StdCompMethodsUTest.F90, line
  584
  584
  PASS  Coupler Component Run() Test, ESMF_StdCompMethodsUTest.F90, line 598
  PASS  Coupler Component Initialize() Test, ESMF_StdCompMethodsUTest.F90, line 
 591
  PASS  Coupler Component Finalize() Test, ESMF_StdCompMethodsUTest.F90, line 60
 5
  PASS  Coupler Component Initialize() Test, ESMF_StdCompMethodsUTest.F90, line 
 591
  PASS  Coupler Component WriteRestart() Test, ESMF_StdCompMethodsUTest.F90, lin
 e 612
  PASS  Coupler Component Run() Test, ESMF_StdCompMethodsUTest.F90, line 598
  PASS  Coupler Component Initialize() Test, ESMF_StdCompMethodsUTest.F90, line 
 591
  PASS  Coupler Component ReadRestart() Test, ESMF_StdCompMethodsUTest.F90, line
  619
  PASS  Coupler Component Finalize() Test, ESMF_StdCompMethodsUTest.F90, line 60
 5
  PASS  Coupler Component Run() Test, ESMF_StdCompMethodsUTest.F90, line 598
  PASS  Coupler Component Destroy() Test, ESMF_StdCompMethodsUTest.F90, line 626
  Ending Test, file ESMF_StdCompMethodsUTest.F90, line 629
  PASS  Coupler Component WriteRestart() Test, ESMF_StdCompMethodsUTest.F90, lin
 e 612
  PASS  Coupler Component Run() Test, ESMF_StdCompMethodsUTest.F90, line 598
  PASS  Coupler Component Finalize() Test, ESMF_StdCompMethodsUTest.F90, line 60
 5
  PASS  Coupler Component ReadRestart() Test, ESMF_StdCompMethodsUTest.F90, line
  619
  PASS  Coupler Component Finalize() Test, ESMF_StdCompMethodsUTest.F90, line 60
 5
  PASS  Coupler Component Destroy() Test, ESMF_StdCompMethodsUTest.F90, line 626
  PASS  Coupler Component WriteRestart() Test, ESMF_StdCompMethodsUTest.F90, lin
 e 612
  Ending Test, file ESMF_StdCompMethodsUTest.F90, line 629
  PASS  Coupler Component WriteRestart() Test, ESMF_StdCompMethodsUTest.F90, lin
 e 612
  PASS  Coupler Component ReadRestart() Test, ESMF_StdCompMethodsUTest.F90, line
  619
  PASS  Coupler Component ReadRestart() Test, ESMF_StdCompMethodsUTest.F90, line
  619
  PASS  Coupler Component Destroy() Test, ESMF_StdCompMethodsUTest.F90, line 626
  Ending Test, file ESMF_StdCompMethodsUTest.F90, line 629
  PASS  Coupler Component Destroy() Test, ESMF_StdCompMethodsUTest.F90, line 626
  Ending Test, file ESMF_StdCompMethodsUTest.F90, line 629
  PET           3  Test Elapsed Time    8.34699999999999       msec.
  PET           2  Test Elapsed Time    8.77600000000001       msec.
  PET           0  Test Elapsed Time    8.26700000000000       msec.
  PET           1  Test Elapsed Time    9.05800000000000       msec.
[i041.unified.ucar.edu:83863] 3 more processes have sent help message help-mpi-btl-openib.txt / ib port not selected
[i041.unified.ucar.edu:83863] Set MCA parameter "orte_base_help_aggregate" to 0 to see all help / error messages
[i041.unified.ucar.edu:83863] 3 more processes have sent help message help-mpi-btl-openib.txt / error in device init
Mon Nov 30 06:47:16 MST 2020
