  Beginning Test, file ESMF_ProfileUTest.F90, line 64
  NUMBER_OF_PROCESSORS           8
  Beginning Test, file ESMF_ProfileUTest.F90, line 64
  NUMBER_OF_PROCESSORS           8
  Beginning Test, file ESMF_ProfileUTest.F90, line 64
  NUMBER_OF_PROCESSORS           8
  Beginning Test, file ESMF_ProfileUTest.F90, line 64
  NUMBER_OF_PROCESSORS           8
  Beginning Test, file ESMF_ProfileUTest.F90, line 64
  NUMBER_OF_PROCESSORS           8
  Beginning Test, file ESMF_ProfileUTest.F90, line 64
  NUMBER_OF_PROCESSORS           8
  Beginning Test, file ESMF_ProfileUTest.F90, line 64
  NUMBER_OF_PROCESSORS           8
  Beginning Test, file ESMF_ProfileUTest.F90, line 64
  NUMBER_OF_PROCESSORS           8
  PASS  Test trace user region enter, ESMF_ProfileUTest.F90, line 80
  PASS  Test trace user region enter, ESMF_ProfileUTest.F90, line 80
  PASS  Test trace user region enter, ESMF_ProfileUTest.F90, line 80
  PASS  Test trace user region enter, ESMF_ProfileUTest.F90, line 80
  PASS  Test trace user region enter, ESMF_ProfileUTest.F90, line 80
  PASS  Test trace user region enter, ESMF_ProfileUTest.F90, line 80
  PASS  Test trace user region enter, ESMF_ProfileUTest.F90, line 80
  PASS  Test trace user region enter, ESMF_ProfileUTest.F90, line 80
  PASS  Test trace user region exit, ESMF_ProfileUTest.F90, line 88
  PASS  Test trace user region exit, ESMF_ProfileUTest.F90, line 88
  PASS  Test trace user region exit, ESMF_ProfileUTest.F90, line 88
  PASS  Test trace user region exit, ESMF_ProfileUTest.F90, line 88
  PASS  Test trace user region exit, ESMF_ProfileUTest.F90, line 88
  PASS  Test trace user region exit, ESMF_ProfileUTest.F90, line 88
  PASS  Test trace user region exit, ESMF_ProfileUTest.F90, line 88
  PASS  Test trace user region exit, ESMF_ProfileUTest.F90, line 88
 Inside Init
 Inside Init
 Inside Init
 Inside Init
 Inside Init
 Inside Init
 Inside Init
 Inside Init
 Inside Finalize
 Inside Finalize
 Inside Finalize
 Inside Finalize
 Inside Finalize
 Inside Finalize
 Inside Finalize
  PASS  Test trace phase enter/exit, ESMF_ProfileUTest.F90, line 116
  PASS  Test trace phase enter/exit, ESMF_ProfileUTest.F90, line 116
  PASS  Test trace phase enter/exit, ESMF_ProfileUTest.F90, line 116
  PASS  Test trace phase enter/exit, ESMF_ProfileUTest.F90, line 116
  PASS  Test trace phase enter/exit, ESMF_ProfileUTest.F90, line 116
  PASS  Test trace phase enter/exit, ESMF_ProfileUTest.F90, line 116
  PASS  Test trace phase enter/exit, ESMF_ProfileUTest.F90, line 116
 Inside Finalize
  PASS  Test trace phase enter/exit, ESMF_ProfileUTest.F90, line 116
  PASS  Close trace, ESMF_ProfileUTest.F90, line 127
  PASS  Close trace, ESMF_ProfileUTest.F90, line 127
  PASS  Close trace, ESMF_ProfileUTest.F90, line 127
  PASS  Close trace, ESMF_ProfileUTest.F90, line 127
  Ending Test, file ESMF_ProfileUTest.F90, line 138
  Ending Test, file ESMF_ProfileUTest.F90, line 138
  Ending Test, file ESMF_ProfileUTest.F90, line 138
  Ending Test, file ESMF_ProfileUTest.F90, line 138
  PASS  Close trace, ESMF_ProfileUTest.F90, line 127
  PASS  Close trace, ESMF_ProfileUTest.F90, line 127
  Ending Test, file ESMF_ProfileUTest.F90, line 138
  Ending Test, file ESMF_ProfileUTest.F90, line 138
  PASS  Close trace, ESMF_ProfileUTest.F90, line 127
  Ending Test, file ESMF_ProfileUTest.F90, line 138
  PASS  Close trace, ESMF_ProfileUTest.F90, line 127
  Ending Test, file ESMF_ProfileUTest.F90, line 138
  PET           6  Test Elapsed Time    9.3399999999999874       msec.
  PET           0  Test Elapsed Time    9.8989999999999903       msec.
  PET           2  Test Elapsed Time    9.4540000000000184       msec.
  PET           1  Test Elapsed Time    9.7369999999999948       msec.
  PET           7  Test Elapsed Time    10.407000000000000       msec.
  PET           5  Test Elapsed Time    9.6599999999999735       msec.
  PET           3  Test Elapsed Time    9.3920000000000119       msec.
  PET           4  Test Elapsed Time    9.3399999999999874       msec.
