  Beginning Test, file ESMF_AttributeUpdateContainerStressUTest.F90, line 805
  NUMBER_OF_PROCESSORS           4
  Beginning Test, file ESMF_AttributeUpdateContainerStressUTest.F90, line 805
  NUMBER_OF_PROCESSORS           4
  Beginning Test, file ESMF_AttributeUpdateContainerStressUTest.F90, line 805
  NUMBER_OF_PROCESSORS           4
  Beginning Test, file ESMF_AttributeUpdateContainerStressUTest.F90, line 805
  NUMBER_OF_PROCESSORS           4
  PASS  Testing for correct value on field2, ESMF_AttributeUpdateContainerStressUTest.F90, line 906
  PASS  Testing for correct value on field3, ESMF_AttributeUpdateContainerStressUTest.F90, line 918
  PASS  Testing for correct value on field2, ESMF_AttributeUpdateContainerStressUTest.F90, line 906
  PASS  Testing for correct value on field3, ESMF_AttributeUpdateContainerStressUTest.F90, line 918
  PASS  Testing for correct value on field2, ESMF_AttributeUpdateContainerStressUTest.F90, line 906
  PASS  Testing for correct value on field2, ESMF_AttributeUpdateContainerStressUTest.F90, line 906
  PASS  Testing for correct value on field3, ESMF_AttributeUpdateContainerStressUTest.F90, line 918
  PASS  Testing for correct value on field3, ESMF_AttributeUpdateContainerStressUTest.F90, line 918
  PASS  Testing for correct value on field6, ESMF_AttributeUpdateContainerStressUTest.F90, line 930
  PASS  Testing for correct value on field6, ESMF_AttributeUpdateContainerStressUTest.F90, line 930
  PASS  Testing for correct value on field6, ESMF_AttributeUpdateContainerStressUTest.F90, line 930
  PASS  Testing for correct value on field6, ESMF_AttributeUpdateContainerStressUTest.F90, line 930
  PASS  Testing for correct value on field7, ESMF_AttributeUpdateContainerStressUTest.F90, line 945
  PASS  Testing for correct value on field7, ESMF_AttributeUpdateContainerStressUTest.F90, line 945
  PASS  Testing for correct value on field7, ESMF_AttributeUpdateContainerStressUTest.F90, line 945
  PASS  Testing for correct value on field8, ESMF_AttributeUpdateContainerStressUTest.F90, line 958
  PASS  Testing for correct value on field7, ESMF_AttributeUpdateContainerStressUTest.F90, line 945
  PASS  Testing for correct value on field8, ESMF_AttributeUpdateContainerStressUTest.F90, line 958
  PASS  Testing for correct value on field8, ESMF_AttributeUpdateContainerStressUTest.F90, line 958
  PASS  Testing for correct value on field8, ESMF_AttributeUpdateContainerStressUTest.F90, line 958
  Ending Test, file ESMF_AttributeUpdateContainerStressUTest.F90, line 987
  Ending Test, file ESMF_AttributeUpdateContainerStressUTest.F90, line 987
  Ending Test, file ESMF_AttributeUpdateContainerStressUTest.F90, line 987
  Ending Test, file ESMF_AttributeUpdateContainerStressUTest.F90, line 987
  PET           1  Test Elapsed Time    24.697999999999990       msec.
  PET           2  Test Elapsed Time    24.709999999999997       msec.
  PET           3  Test Elapsed Time    24.738999999999997       msec.
  PET           0  Test Elapsed Time    24.693000000000005       msec.
Mon Feb 22 04:22:46 MST 2021
