Beginning Test, file ESMC_FieldGridRegridParUTest.C, line 67
NUMBER_OF_PROCESSORS 4
Beginning Test, file ESMC_FieldGridRegridParUTest.C, line 67
NUMBER_OF_PROCESSORS 4
Ending Test, file ESMC_FieldGridRegridParUTest.C, line 726
Ending Test, file ESMC_FieldGridRegridParUTest.C, line 726
Beginning Test, file ESMC_FieldGridRegridParUTest.C, line 67
NUMBER_OF_PROCESSORS 4
Ending Test, file ESMC_FieldGridRegridParUTest.C, line 726
Beginning Test, file ESMC_FieldGridRegridParUTest.C, line 67
NUMBER_OF_PROCESSORS 4
Ending Test, file ESMC_FieldGridRegridParUTest.C, line 726
 PET 0 Test Elapsed Time  43.271000 msec.
 PET 2 Test Elapsed Time  43.588000 msec.
 PET 1 Test Elapsed Time  42.929000 msec.
 PET 3 Test Elapsed Time  43.213000 msec.
