  Beginning Test, file ESMF_FieldBundleRegridUTest.F90, line 56
  Beginning Test, file ESMF_FieldBundleRegridUTest.F90, line 56
  NUMBER_OF_PROCESSORS           4
  Beginning Test, file ESMF_FieldBundleRegridUTest.F90, line 56
  NUMBER_OF_PROCESSORS           4
  Beginning Test, file ESMF_FieldBundleRegridUTest.F90, line 56
  NUMBER_OF_PROCESSORS           4
  Ending Test, file ESMF_FieldBundleRegridUTest.F90, line 102
  Ending Test, file ESMF_FieldBundleRegridUTest.F90, line 102
  NUMBER_OF_PROCESSORS           4
  Ending Test, file ESMF_FieldBundleRegridUTest.F90, line 102
  Ending Test, file ESMF_FieldBundleRegridUTest.F90, line 102
  PET           3  Test Elapsed Time    2.8560000000000114       msec.
  PET           1  Test Elapsed Time    2.9290000000000012       msec.
  PET           0  Test Elapsed Time    3.0570000000000039       msec.
  PET           2  Test Elapsed Time    3.1070000000000126       msec.
