  Beginning Test, file ESMF_AttPackSciCompUTest.F90, line 85
  NUMBER_OF_PROCESSORS           4
  Beginning Test, file ESMF_AttPackSciCompUTest.F90, line 85
  NUMBER_OF_PROCESSORS           4
  Beginning Test, file ESMF_AttPackSciCompUTest.F90, line 85
  NUMBER_OF_PROCESSORS           4
  Beginning Test, file ESMF_AttPackSciCompUTest.F90, line 85
  NUMBER_OF_PROCESSORS           4
  Ending Test, file ESMF_AttPackSciCompUTest.F90, line 1282
  Ending Test, file ESMF_AttPackSciCompUTest.F90, line 1282
  Ending Test, file ESMF_AttPackSciCompUTest.F90, line 1282
  Ending Test, file ESMF_AttPackSciCompUTest.F90, line 1282
  PET           2  Test Elapsed Time    3.6039999999999961       msec.
  PET           3  Test Elapsed Time    3.6020000000000079       msec.
  PET           0  Test Elapsed Time    3.5680000000000018       msec.
  PET           1  Test Elapsed Time    3.5530000000000008       msec.
