Name: MyArrayBundle	  Convention: customconvention2	  Purpose: custompurpose2	


Sun Nov 22 05:04:49 MST 2020
