  Beginning Test, file ESMF_FieldMeshSMMUTest.F90, line 54
  Beginning Test, file ESMF_FieldMeshSMMUTest.F90, line 54
  NUMBER_OF_PROCESSORS           4
  Beginning Test, file ESMF_FieldMeshSMMUTest.F90, line 54
  NUMBER_OF_PROCESSORS           4
  Beginning Test, file ESMF_FieldMeshSMMUTest.F90, line 54
  NUMBER_OF_PROCESSORS           4
  NUMBER_OF_PROCESSORS           4
  PASS  FieldMeshSMM test using localPet for both src and dst, with halos, ESMF_
 FieldMeshSMMUTest.F90, line 68
  PASS  FieldMeshSMM test using localPet for both src and dst, with halos, ESMF_
 FieldMeshSMMUTest.F90, line 68
  PASS  FieldMeshSMM test using localPet for both src and dst, with halos, ESMF_
 FieldMeshSMMUTest.F90, line 68
  PASS  FieldMeshSMM test using localPet for both src and dst, with halos, ESMF_
 FieldMeshSMMUTest.F90, line 68
  Ending Test, file ESMF_FieldMeshSMMUTest.F90, line 71
  Ending Test, file ESMF_FieldMeshSMMUTest.F90, line 71
  Ending Test, file ESMF_FieldMeshSMMUTest.F90, line 71
  Ending Test, file ESMF_FieldMeshSMMUTest.F90, line 71
  PET           0  Test Elapsed Time    8.17100000000000       msec.
  PET           2  Test Elapsed Time    8.14800000000000       msec.
  PET           3  Test Elapsed Time    8.19200000000000       msec.
  PET           1  Test Elapsed Time    8.18100000000000       msec.
Tue Dec 15 01:25:31 MST 2020
