Beginning Test, file ESMC_TimeIntervalUTest.C, line 48
NUMBER_OF_PROCESSORS 4
Beginning Test, file ESMC_TimeIntervalUTest.C, line 48
NUMBER_OF_PROCESSORS 4
TimeInterval ---------------------------
TimeInterval ---------------------------
TimeInterval ---------------------------
P0Y0M0DT1H0M0S
end TimeInterval -----------------------

Beginning Test, file ESMC_TimeIntervalUTest.C, line 48
NUMBER_OF_PROCESSORS 4
PASS Set a TimeInterval, ESMC_TimeIntervalUTest.C, line 57
PASS Set a TimeInterval, ESMC_TimeIntervalUTest.C, line 57
PASS Print ESMC_TimeInterval object, ESMC_TimeIntervalUTest.C, line 65
PASS Set a TimeInterval, ESMC_TimeIntervalUTest.C, line 57
PASS Print ESMC_TimeInterval object, ESMC_TimeIntervalUTest.C, line 65
P0Y0M0DT1H0M0S
end TimeInterval -----------------------

P0Y0M0DT1H0M0S
end TimeInterval -----------------------

PASS Print ESMC_TimeInterval object, ESMC_TimeIntervalUTest.C, line 65
PASS Get a TimeInterval, ESMC_TimeIntervalUTest.C, line 73
Beginning Test, file ESMC_TimeIntervalUTest.C, line 48
NUMBER_OF_PROCESSORS 4
PASS Get a TimeInterval, ESMC_TimeIntervalUTest.C, line 73
PASS Check that hour parameter is returned correctly, ESMC_TimeIntervalUTest.C, line 83
PASS Check that the integer sec. parameter is returned correctly, ESMC_TimeIntervalUTest.C, line 90
Ending Test, file ESMC_TimeIntervalUTest.C, line 96
PASS Get a TimeInterval, ESMC_TimeIntervalUTest.C, line 73
PASS Check that hour parameter is returned correctly, ESMC_TimeIntervalUTest.C, line 83
PASS Check that the integer sec. parameter is returned correctly, ESMC_TimeIntervalUTest.C, line 90
Ending Test, file ESMC_TimeIntervalUTest.C, line 96
PASS Check that hour parameter is returned correctly, ESMC_TimeIntervalUTest.C, line 83
PASS Set a TimeInterval, ESMC_TimeIntervalUTest.C, line 57
TimeInterval ---------------------------
PASS Check that the integer sec. parameter is returned correctly, ESMC_TimeIntervalUTest.C, line 90
Ending Test, file ESMC_TimeIntervalUTest.C, line 96
P0Y0M0DT1H0M0S
end TimeInterval -----------------------

PASS Print ESMC_TimeInterval object, ESMC_TimeIntervalUTest.C, line 65
PASS Get a TimeInterval, ESMC_TimeIntervalUTest.C, line 73
PASS Check that hour parameter is returned correctly, ESMC_TimeIntervalUTest.C, line 83
PASS Check that the integer sec. parameter is returned correctly, ESMC_TimeIntervalUTest.C, line 90
Ending Test, file ESMC_TimeIntervalUTest.C, line 96
 PET 0 Test Elapsed Time  1.064000 msec.
 PET 2 Test Elapsed Time  1.158000 msec.
 PET 3 Test Elapsed Time  1.196000 msec.
 PET 1 Test Elapsed Time  1.328000 msec.
Sun Feb 21 02:03:27 MST 2021
