  Beginning Test, file ESMF_FieldBundleRegridUTest.F90, line 56
  NUMBER_OF_PROCESSORS           4
  Beginning Test, file ESMF_FieldBundleRegridUTest.F90, line 56
  Beginning Test, file ESMF_FieldBundleRegridUTest.F90, line 56
  NUMBER_OF_PROCESSORS           4
  Ending Test, file ESMF_FieldBundleRegridUTest.F90, line 102
  Beginning Test, file ESMF_FieldBundleRegridUTest.F90, line 56
  NUMBER_OF_PROCESSORS           4
  Ending Test, file ESMF_FieldBundleRegridUTest.F90, line 102
  Ending Test, file ESMF_FieldBundleRegridUTest.F90, line 102
  NUMBER_OF_PROCESSORS           4
  Ending Test, file ESMF_FieldBundleRegridUTest.F90, line 102
  PET           0  Test Elapsed Time    7.6050000000000004       msec.
  PET           1  Test Elapsed Time    6.7399999999999958       msec.
  PET           2  Test Elapsed Time    7.4340000000000099       msec.
  PET           3  Test Elapsed Time    6.8609999999999918       msec.
