  Beginning Test, file ESMF_AttPackFBundleUTest.F90, line 85
  NUMBER_OF_PROCESSORS           4
  Ending Test, file ESMF_AttPackFBundleUTest.F90, line 936
  Beginning Test, file ESMF_AttPackFBundleUTest.F90, line 85
  NUMBER_OF_PROCESSORS           4
  Ending Test, file ESMF_AttPackFBundleUTest.F90, line 936
  Beginning Test, file ESMF_AttPackFBundleUTest.F90, line 85
  NUMBER_OF_PROCESSORS           4
  Ending Test, file ESMF_AttPackFBundleUTest.F90, line 936
  Beginning Test, file ESMF_AttPackFBundleUTest.F90, line 85
  NUMBER_OF_PROCESSORS           4
  Ending Test, file ESMF_AttPackFBundleUTest.F90, line 936
  PET           1  Test Elapsed Time    3.5949999999999873       msec.
  PET           2  Test Elapsed Time    3.3160000000000132       msec.
  PET           3  Test Elapsed Time    3.9050000000000198       msec.
  PET           0  Test Elapsed Time    3.5280000000000031       msec.
