--------------------------------------------------------------------------
By default, for Open MPI 4.0 and later, infiniband ports on a device
are not used by default.  The intent is to use UCX for these devices.
You can override this policy by setting the btl_openib_allow_ib MCA parameter
to true.

  Local host:              i041
  Local adapter:           hfi1_0
  Local port:              1

--------------------------------------------------------------------------
--------------------------------------------------------------------------
WARNING: There was an error initializing an OpenFabrics device.

  Local host:   i041
  Local device: hfi1_0
--------------------------------------------------------------------------
  Beginning Test, file ESMF_VMBroadcastUTest.F90, line 84
  NUMBER_OF_PROCESSORS           4
  Beginning Test, file ESMF_VMBroadcastUTest.F90, line 84
  NUMBER_OF_PROCESSORS           4
  Beginning Test, file ESMF_VMBroadcastUTest.F90, line 84
  Beginning Test, file ESMF_VMBroadcastUTest.F90, line 84
  NUMBER_OF_PROCESSORS           4
  PASS  Broadcasting 1D integer data Test, ESMF_VMBroadcastUTest.F90, line 158
  PASS  Verify local data after broadcast Test, ESMF_VMBroadcastUTest.F90, line 
 169
  PASS  Broadcasting 1D integer data Test, ESMF_VMBroadcastUTest.F90, line 158
  NUMBER_OF_PROCESSORS           4
  PASS  Broadcasting 2D integer data Test, ESMF_VMBroadcastUTest.F90, line 180
  PASS  Verify local data after broadcast Test, ESMF_VMBroadcastUTest.F90, line 
 193
  PASS  Broadcasting 3D integer data Test, ESMF_VMBroadcastUTest.F90, line 204
  PASS  Verify local data after broadcast Test, ESMF_VMBroadcastUTest.F90, line 
 220
  PASS  Broadcasting 1D integer data Test, ESMF_VMBroadcastUTest.F90, line 158
  PASS  Verify local data after broadcast Test, ESMF_VMBroadcastUTest.F90, line 
 169
  PASS  Verify local data after broadcast Test, ESMF_VMBroadcastUTest.F90, line 
 169
  PASS  Broadcasting 2D integer data Test, ESMF_VMBroadcastUTest.F90, line 180
  PASS  Broadcasting 1D real R4 data Test, ESMF_VMBroadcastUTest.F90, line 231
  PASS  Verify local data after broadcast Test, ESMF_VMBroadcastUTest.F90, line 
 242
  PASS  Verify local data after broadcast Test, ESMF_VMBroadcastUTest.F90, line 
 193
  PASS  Broadcasting 3D integer data Test, ESMF_VMBroadcastUTest.F90, line 204
  PASS  Broadcasting 1D integer data Test, ESMF_VMBroadcastUTest.F90, line 158
  PASS  Verify local data after broadcast Test, ESMF_VMBroadcastUTest.F90, line 
 169
  PASS  Broadcasting 2D integer data Test, ESMF_VMBroadcastUTest.F90, line 180
  PASS  Broadcasting 2D integer data Test, ESMF_VMBroadcastUTest.F90, line 180
  PASS  Verify local data after broadcast Test, ESMF_VMBroadcastUTest.F90, line 
 193
  PASS  Broadcasting 3D integer data Test, ESMF_VMBroadcastUTest.F90, line 204
  PASS  Broadcasting 1D real R8 data Test, ESMF_VMBroadcastUTest.F90, line 253
  PASS  Verify local data after broadcast Test, ESMF_VMBroadcastUTest.F90, line 
 264
  PASS  Broadcasting 1D logical data Test, ESMF_VMBroadcastUTest.F90, line 275
  PASS  Verify local data after broadcast Test, ESMF_VMBroadcastUTest.F90, line 
 286
  PASS  Creating VMId array Test, ESMF_VMBroadcastUTest.F90, line 298
  PASS  Inserting dummy data into VMId array Test, ESMF_VMBroadcastUTest.F90, li
 ne 315
  PASS  Creating VMId solutions array Test, ESMF_VMBroadcastUTest.F90, line 324
  PASS  Verify local data after broadcast Test, ESMF_VMBroadcastUTest.F90, line 
 220
  PASS  Broadcasting 1D real R4 data Test, ESMF_VMBroadcastUTest.F90, line 231
  PASS  Verify local data after broadcast Test, ESMF_VMBroadcastUTest.F90, line 
 220
  PASS  Broadcasting 1D real R4 data Test, ESMF_VMBroadcastUTest.F90, line 231
  PASS  Verify local data after broadcast Test, ESMF_VMBroadcastUTest.F90, line 
 242
  PASS  Broadcasting 1D real R8 data Test, ESMF_VMBroadcastUTest.F90, line 253
  PASS  Verify local data after broadcast Test, ESMF_VMBroadcastUTest.F90, line 
 193
  PASS  Broadcasting 3D integer data Test, ESMF_VMBroadcastUTest.F90, line 204
  PASS  Verify local data after broadcast Test, ESMF_VMBroadcastUTest.F90, line 
  PASS  Inserting dummy data into VMId solution array Test, ESMF_VMBroadcastUTes
 t.F90, line 337
  PASS  Broadcasting VMId data Test, ESMF_VMBroadcastUTest.F90, line 347
  PASS  ID/Key extraction VMId data after broadcast Test, ESMF_VMBroadcastUTest.
 F90, line 366
  PASS  Verify VMId data after broadcast Test, ESMF_VMBroadcastUTest.F90, line 3
 74
 220
  PASS  Broadcasting 1D real R4 data Test, ESMF_VMBroadcastUTest.F90, line 231
  PASS  Verify local data after broadcast Test, ESMF_VMBroadcastUTest.F90, line 
 242
  PASS  Broadcasting 1D real R8 data Test, ESMF_VMBroadcastUTest.F90, line 253
  PASS  Verify local data after broadcast Test, ESMF_VMBroadcastUTest.F90, line 
 264
  PASS  Broadcasting 1D logical data Test, ESMF_VMBroadcastUTest.F90, line 275
  PASS  Verify local data after broadcast Test, ESMF_VMBroadcastUTest.F90, line 
 286
  PASS  Verify VMId data after broadcast Test, ESMF_VMBroadcastUTest.F90, line 3
 87
  PASS  Releasing VMId array Test, ESMF_VMBroadcastUTest.F90, line 395
  PASS  Releasing VMId solution array Test, ESMF_VMBroadcastUTest.F90, line 405
  Ending Test, file ESMF_VMBroadcastUTest.F90, line 422
  PASS  Creating VMId array Test, ESMF_VMBroadcastUTest.F90, line 298
  PASS  Inserting dummy data into VMId array Test, ESMF_VMBroadcastUTest.F90, li
 ne 315
  PASS  Verify local data after broadcast Test, ESMF_VMBroadcastUTest.F90, line 
 242
  PASS  Broadcasting 1D real R8 data Test, ESMF_VMBroadcastUTest.F90, line 253
  PASS  Verify local data after broadcast Test, ESMF_VMBroadcastUTest.F90, line 
 264
  PASS  Broadcasting 1D logical data Test, ESMF_VMBroadcastUTest.F90, line 275
  PASS  Creating VMId solutions array Test, ESMF_VMBroadcastUTest.F90, line 324
  PASS  Inserting dummy data into VMId solution array Test, ESMF_VMBroadcastUTes
 t.F90, line 337
  PASS  Verify local data after broadcast Test, ESMF_VMBroadcastUTest.F90, line 
 264
  PASS  Verify local data after broadcast Test, ESMF_VMBroadcastUTest.F90, line 
 286
  PASS  Broadcasting 1D logical data Test, ESMF_VMBroadcastUTest.F90, line 275
  PASS  Broadcasting VMId data Test, ESMF_VMBroadcastUTest.F90, line 347
  PASS  Creating VMId array Test, ESMF_VMBroadcastUTest.F90, line 298
  PASS  Inserting dummy data into VMId array Test, ESMF_VMBroadcastUTest.F90, li
 ne 315
  PASS  ID/Key extraction VMId data after broadcast Test, ESMF_VMBroadcastUTest.
 F90, line 366
  PASS  Creating VMId solutions array Test, ESMF_VMBroadcastUTest.F90, line 324
  PASS  Verify local data after broadcast Test, ESMF_VMBroadcastUTest.F90, line 
 286
  PASS  Verify VMId data after broadcast Test, ESMF_VMBroadcastUTest.F90, line 3
 74
  PASS  Inserting dummy data into VMId solution array Test, ESMF_VMBroadcastUTes
 t.F90, line 337
  PASS  Verify VMId data after broadcast Test, ESMF_VMBroadcastUTest.F90, line 3
 87
  PASS  Creating VMId array Test, ESMF_VMBroadcastUTest.F90, line 298
  PASS  Releasing VMId array Test, ESMF_VMBroadcastUTest.F90, line 395
  PASS  Releasing VMId solution array Test, ESMF_VMBroadcastUTest.F90, line 405
  PASS  Inserting dummy data into VMId array Test, ESMF_VMBroadcastUTest.F90, li
 ne 315
  PASS  Broadcasting VMId data Test, ESMF_VMBroadcastUTest.F90, line 347
  Ending Test, file ESMF_VMBroadcastUTest.F90, line 422
  PASS  Creating VMId solutions array Test, ESMF_VMBroadcastUTest.F90, line 324
  PASS  Inserting dummy data into VMId solution array Test, ESMF_VMBroadcastUTes
 t.F90, line 337
  PASS  ID/Key extraction VMId data after broadcast Test, ESMF_VMBroadcastUTest.
 F90, line 366
  PASS  Verify VMId data after broadcast Test, ESMF_VMBroadcastUTest.F90, line 3
 74
  PASS  Verify VMId data after broadcast Test, ESMF_VMBroadcastUTest.F90, line 3
 87
  PASS  Broadcasting VMId data Test, ESMF_VMBroadcastUTest.F90, line 347
  PASS  Releasing VMId array Test, ESMF_VMBroadcastUTest.F90, line 395
  PASS  ID/Key extraction VMId data after broadcast Test, ESMF_VMBroadcastUTest.
 F90, line 366
  PASS  Verify VMId data after broadcast Test, ESMF_VMBroadcastUTest.F90, line 3
 74
  PASS  Releasing VMId solution array Test, ESMF_VMBroadcastUTest.F90, line 405
  PASS  Verify VMId data after broadcast Test, ESMF_VMBroadcastUTest.F90, line 3
 87
  Ending Test, file ESMF_VMBroadcastUTest.F90, line 422
  PASS  Releasing VMId array Test, ESMF_VMBroadcastUTest.F90, line 395
  PASS  Releasing VMId solution array Test, ESMF_VMBroadcastUTest.F90, line 405
  Ending Test, file ESMF_VMBroadcastUTest.F90, line 422
  PET           0  Test Elapsed Time    2.59300000000000       msec.
  PET           2  Test Elapsed Time    4.28300000000000       msec.
  PET           3  Test Elapsed Time    4.18700000000001       msec.
  PET           1  Test Elapsed Time    4.58399999999999       msec.
[i041.unified.ucar.edu:270226] 3 more processes have sent help message help-mpi-btl-openib.txt / ib port not selected
[i041.unified.ucar.edu:270226] Set MCA parameter "orte_base_help_aggregate" to 0 to see all help / error messages
[i041.unified.ucar.edu:270226] 3 more processes have sent help message help-mpi-btl-openib.txt / error in device init
