  Beginning Test, file ESMF_AttPackABundleUTest.F90, line 87
  NUMBER_OF_PROCESSORS           1
  Ending Test, file ESMF_AttPackABundleUTest.F90, line 1110
  PET           0  Test Elapsed Time   0.40399999999999986       msec.
