/project/esmf/himanshu/nag/esmf/src/Infrastructure/stubs/mpiuni/mpirun: line 41: ./ESMF_IO_YAMLUTest: No such file or directory
Wed Jan 27 18:38:39 MST 2021
