/home/hpillai/esmf_test/pgi/esmf/src/Infrastructure/stubs/mpiuni/mpirun: line 41: ./ESMCI_TestUTest: No such file or directory
Sun Dec 27 20:53:09 CST 2020
