Name: scicomp	  Convention: customconvention2	  Purpose: custompurpose2	


Thu Jan 14 09:38:42 CST 2021
