Name: fieldbundle	  Convention: customconvention2	  Purpose: custompurpose2	


Thu Nov 12 08:15:47 MST 2020
